Archive member included because of file (symbol)

c:\Users\Aaron\AppData\Roaming\Code\User\globalStorage\vexrobotics.vexcode\sdk\cpp\V5\V5_20240802_15_00_00/vexv5\libv5rt.a(v5_startup.c.obj)
                              (vexStartup)
c:\Users\Aaron\AppData\Roaming\Code\User\globalStorage\vexrobotics.vexcode\sdk\cpp\V5\V5_20240802_15_00_00/vexv5\libv5rt.a(v5_util.c.obj)
                              c:\Users\Aaron\AppData\Roaming\Code\User\globalStorage\vexrobotics.vexcode\sdk\cpp\V5\V5_20240802_15_00_00/vexv5\libv5rt.a(v5_startup.c.obj) (vexStdlibVersionLinked)
c:\Users\Aaron\AppData\Roaming\Code\User\globalStorage\vexrobotics.vexcode\sdk\cpp\V5\V5_20240802_15_00_00/vexv5\libv5rt.a(v5_apijump.c.obj)
                              c:\Users\Aaron\AppData\Roaming\Code\User\globalStorage\vexrobotics.vexcode\sdk\cpp\V5\V5_20240802_15_00_00/vexv5\libv5rt.a(v5_startup.c.obj) (vexPrivateApiEnable)
c:\Users\Aaron\AppData\Roaming\Code\User\globalStorage\vexrobotics.vexcode\sdk\cpp\V5\V5_20240802_15_00_00/vexv5\libv5rt.a(v5_apiuser.c.obj)
                              build/src/chassis.o (vexDelay)
c:\Users\Aaron\AppData\Roaming\Code\User\globalStorage\vexrobotics.vexcode\sdk\cpp\V5\V5_20240802_15_00_00/vexv5\libv5rt.a(v5_apiversions.c.obj)
                              c:\Users\Aaron\AppData\Roaming\Code\User\globalStorage\vexrobotics.vexcode\sdk\cpp\V5\V5_20240802_15_00_00/vexv5\libv5rt.a(v5_apijump.c.obj) (vexSystemVersion)
c:\Users\Aaron\AppData\Roaming\Code\User\globalStorage\vexrobotics.vexcode\sdk\cpp\V5\V5_20240802_15_00_00/vexv5\libv5rt.a(vex_global.cpp.obj)
                              build/src/main.o (vex::fwd)
c:\Users\Aaron\AppData\Roaming\Code\User\globalStorage\vexrobotics.vexcode\sdk\cpp\V5\V5_20240802_15_00_00/vexv5\libv5rt.a(vex_motor.cpp.obj)
                              build/src/main.o (vex::motor::~motor())
c:\Users\Aaron\AppData\Roaming\Code\User\globalStorage\vexrobotics.vexcode\sdk\cpp\V5\V5_20240802_15_00_00/vexv5\libv5rt.a(vex_imu.cpp.obj)
                              build/src/main.o (vex::inertial::~inertial())
c:\Users\Aaron\AppData\Roaming\Code\User\globalStorage\vexrobotics.vexcode\sdk\cpp\V5\V5_20240802_15_00_00/vexv5\libv5rt.a(vex_rotation.cpp.obj)
                              build/src/main.o (vex::rotation::~rotation())
c:\Users\Aaron\AppData\Roaming\Code\User\globalStorage\vexrobotics.vexcode\sdk\cpp\V5\V5_20240802_15_00_00/vexv5\libv5rt.a(vex_optical.cpp.obj)
                              build/src/main.o (vex::optical::~optical())
c:\Users\Aaron\AppData\Roaming\Code\User\globalStorage\vexrobotics.vexcode\sdk\cpp\V5\V5_20240802_15_00_00/vexv5\libv5rt.a(vex_distance.cpp.obj)
                              build/src/main.o (vex::distance::~distance())
c:\Users\Aaron\AppData\Roaming\Code\User\globalStorage\vexrobotics.vexcode\sdk\cpp\V5\V5_20240802_15_00_00/vexv5\libv5rt.a(vex_controller.cpp.obj)
                              build/src/main.o (vex::controller::~controller())
c:\Users\Aaron\AppData\Roaming\Code\User\globalStorage\vexrobotics.vexcode\sdk\cpp\V5\V5_20240802_15_00_00/vexv5\libv5rt.a(vex_task.cpp.obj)
                              build/src/main.o (vex::task::task(int (*)()))
c:\Users\Aaron\AppData\Roaming\Code\User\globalStorage\vexrobotics.vexcode\sdk\cpp\V5\V5_20240802_15_00_00/vexv5\libv5rt.a(vex_thread.cpp.obj)
                              build/src/main.o (vex::thread::thread(int (*)()))
c:\Users\Aaron\AppData\Roaming\Code\User\globalStorage\vexrobotics.vexcode\sdk\cpp\V5\V5_20240802_15_00_00/vexv5\libv5rt.a(vex_event.cpp.obj)
                              c:\Users\Aaron\AppData\Roaming\Code\User\globalStorage\vexrobotics.vexcode\sdk\cpp\V5\V5_20240802_15_00_00/vexv5\libv5rt.a(vex_imu.cpp.obj) (vex::event::init(unsigned long, unsigned long, void (*)()))
c:\Users\Aaron\AppData\Roaming\Code\User\globalStorage\vexrobotics.vexcode\sdk\cpp\V5\V5_20240802_15_00_00/vexv5\libv5rt.a(vex_mevent.cpp.obj)
                              c:\Users\Aaron\AppData\Roaming\Code\User\globalStorage\vexrobotics.vexcode\sdk\cpp\V5\V5_20240802_15_00_00/vexv5\libv5rt.a(vex_controller.cpp.obj) (vex::mevent::mevent(unsigned long, unsigned long))
c:\Users\Aaron\AppData\Roaming\Code\User\globalStorage\vexrobotics.vexcode\sdk\cpp\V5\V5_20240802_15_00_00/vexv5\libv5rt.a(vex_brain.cpp.obj)
                              build/src/main.o (vex::brain::brain())
c:\Users\Aaron\AppData\Roaming\Code\User\globalStorage\vexrobotics.vexcode\sdk\cpp\V5\V5_20240802_15_00_00/vexv5\libv5rt.a(vex_triport.cpp.obj)
                              c:\Users\Aaron\AppData\Roaming\Code\User\globalStorage\vexrobotics.vexcode\sdk\cpp\V5\V5_20240802_15_00_00/vexv5\libv5rt.a(vex_brain.cpp.obj) (vex::triport::~triport())
c:\Users\Aaron\AppData\Roaming\Code\User\globalStorage\vexrobotics.vexcode\sdk\cpp\V5\V5_20240802_15_00_00/vexv5\libv5rt.a(vex_color.cpp.obj)
[...]
Memory Configuration

Name             Origin             Length             Attributes
ps7_ddr_0_S_AXI_BASEADDR 0x03800000         0x04800000
*default*        0x00000000         0xffffffff

Linker script and memory map

                0x00002000                _STACK_SIZE = DEFINED (_STACK_SIZE)?_STACK_SIZE:0x2000
                0x00100000                _HEAP_SIZE = DEFINED (_HEAP_SIZE)?_HEAP_SIZE:0x100000
                0x00000400                _ABORT_STACK_SIZE = DEFINED (_ABORT_STACK_SIZE)?_ABORT_STACK_SIZE:0x400
                0x00000800                _SUPERVISOR_STACK_SIZE = DEFINED (_SUPERVISOR_STACK_SIZE)?_SUPERVISOR_STACK_SIZE:0x800
                0x00000400                _IRQ_STACK_SIZE = DEFINED (_IRQ_STACK_SIZE)?_IRQ_STACK_SIZE:0x400
                0x00000400                _FIQ_STACK_SIZE = DEFINED (_FIQ_STACK_SIZE)?_FIQ_STACK_SIZE:0x400
                0x00000400                _UNDEF_STACK_SIZE = DEFINED (_UNDEF_STACK_SIZE)?_UNDEF_STACK_SIZE:0x400

.text           0x03800000     0xb218
 *(.vectors)
 *(.boot_data)
 .boot_data     0x03800000       0x20 c:\Users\Aaron\AppData\Roaming\Code\User\globalStorage\vexrobotics.vexcode\sdk\cpp\V5\V5_20240802_15_00_00/vexv5\libv5rt.a(v5_startup.c.obj)
                0x03800000                vexCodeSig
                0x00000020                . = 0x20
 *(.boot)
 .boot          0x03800020       0xbc c:\Users\Aaron\AppData\Roaming\Code\User\globalStorage\vexrobotics.vexcode\sdk\cpp\V5\V5_20240802_15_00_00/vexv5\libv5rt.a(v5_startup.c.obj)
                0x03800020                vexStartup
                0x03800100                . = ALIGN (0x40)
 *fill*         0x038000dc       0x24 
 *(.freertos_vectors)
 *(.text)
 .text          0x03800100       0x3a c:\Users\Aaron\AppData\Roaming\Code\User\globalStorage\vexrobotics.vexcode\sdk\cpp\V5\V5_20240802_15_00_00/vexv5/gcc/libs\libc.a(lib_a-aeabi_memmove-soft.o)
                0x03800100                __aeabi_memmove4
                0x03800100                __aeabi_memmove
                0x03800100                __aeabi_memmove8
 *fill*         0x0380013a        0x2 
 .text          0x0380013c      0x21c c:\Users\Aaron\AppData\Roaming\Code\User\globalStorage\vexrobotics.vexcode\sdk\cpp\V5\V5_20240802_15_00_00/vexv5/gcc/libs\libgcc.a(_arm_addsubsf3.o)
                0x0380013c                __aeabi_frsub
                0x03800144                __subsf3
                0x03800144                __aeabi_fsub
                0x03800148                __addsf3
                0x03800148                __aeabi_fadd
                0x038002a8                __aeabi_ui2f
                0x038002a8                __floatunsisf
                0x038002b0                __floatsisf
                0x038002b0                __aeabi_i2f
                0x038002cc                __aeabi_ul2f
                0x038002cc                __floatundisf
                0x038002dc                __aeabi_l2f
                0x038002dc                __floatdisf
 *(.text.*)
 .text._ZN7Pursuit24circle_line_intersectionEddddddd
                0x03800358       0xfc build/src/pursuit.o
                0x03800358                Pursuit::circle_line_intersection(double, double, double, double, double, double, double)
 .text._ZN7PursuitC2E4Pathd
                0x03800454       0x68 build/src/pursuit.o
                0x03800454                Pursuit::Pursuit(Path, double)
                0x03800454                Pursuit::Pursuit(Path, double)
 .text._ZNSt6vectorIdSaIdEEC2ERKS1_
                0x038004bc       0x78 build/src/pursuit.o
                0x038004bc                std::vector<double, std::allocator<double> >::vector(std::vector<double, std::allocator<double> > const&)
 .text._ZN7Pursuit10get_targetEdd
                0x03800534      0x11c build/src/pursuit.o
                0x03800534                Pursuit::get_target(double, double)
 .text._ZN7Pursuit21get_relative_steeringEddddd
                0x03800650      0x168 build/src/pursuit.o
                0x03800650                Pursuit::get_relative_steering(double, double, double, double, double)
 .text._ZN7Pursuit10terminatedEdd
                0x038007b8       0xb0 build/src/pursuit.o
                0x038007b8                Pursuit::terminated(double, double)
 .text._ZN7Pursuit8progressEv
                0x03800868       0x2c build/src/pursuit.o
                0x03800868                Pursuit::progress()
 .text._ZNSt6vectorI12Coordinate2DSaIS0_EEC2ERKS2_
                0x03800894       0x6c build/src/pursuit.o
                0x03800894                std::vector<Coordinate2D, std::allocator<Coordinate2D> >::vector(std::vector<Coordinate2D, std::allocator<Coordinate2D> > const&)
 .text._ZNSt12_Vector_baseI12Coordinate2DSaIS0_EE11_M_allocateEj
                0x03800900       0x30 build/src/pursuit.o
                0x03800900                std::_Vector_base<Coordinate2D, std::allocator<Coordinate2D> >::_M_allocate(unsigned int)
 .text._ZNSt12_Vector_baseIdSaIdEE11_M_allocateEj
                0x03800930       0x30 build/src/pursuit.o
                0x03800930                std::_Vector_base<double, std::allocator<double> >::_M_allocate(unsigned int)
 .text._GLOBAL__sub_I_pursuit.cpp
                0x03800960       0x34 build/src/pursuit.o
 *fill*         0x03800994        0x4 
 .text._Z16ladybrown_threadPv
                0x03800998      0x570 build/src/main.o
                0x03800998                ladybrown_thread(void*)
 .text._Z20intake_helper_threadPv
                0x03800f08      0x648 build/src/main.o
                0x03800f08                intake_helper_thread(void*)
 .text._Z13intake_threadPv
                0x03801550      0x8a4 build/src/main.o
                0x03801550                intake_thread(void*)
 .text._ZN17HighStakesChassis17is_lb_load_heightEv
                0x03801df4       0xa8 build/src/main.o
                0x03801df4                HighStakesChassis::is_lb_load_height()
 *fill*         0x03801e9c        0x4 
 .text._Z11mogo_threadPv
                0x03801ea0      0x108 build/src/main.o
                0x03801ea0                mogo_thread(void*)
 .text._Z17pneumatics_threadPv
                0x03801fa8       0xf0 build/src/main.o
                0x03801fa8                pneumatics_thread(void*)
 .text._Z18highstakes_controlPv
                0x03802098      0x6e4 build/src/main.o
                0x03802098                highstakes_control(void*)
 .text._ZN10MotorGroupC2IJP5MotorS2_EEEddS2_DpT_
                0x0380277c       0x6c build/src/main.o
                0x0380277c                MotorGroup::MotorGroup<Motor*, Motor*>(double, double, Motor*, Motor*, Motor*)
 .text._ZN10MotorGroupD2Ev
                0x038027e8       0x24 build/src/main.o
                0x038027e8                MotorGroup::~MotorGroup()
 .text._ZN17HighStakesChassisC2EP10MotorGroupS1_PN3vex8rotationES4_PNS2_8inertialEPNS2_10controllerEPNS2_5motorESA_SA_PNS2_10pneumaticsESC_SC_SC_SC_SC_SC_PNS2_7opticalESE_SE_PNS2_8distanceES4_ddddddd
                0x0380280c      0x268 build/src/main.o
                0x0380280c                HighStakesChassis::HighStakesChassis(MotorGroup*, MotorGroup*, vex::rotation*, vex::rotation*, vex::inertial*, vex::controller*, vex::motor*, vex::motor*, vex::motor*, vex::pneumatics*, vex::pneumatics*, vex::pneumatics*, vex::pneumatics*, vex::pneumatics*, vex::pneumatics*, vex::pneumatics*, vex::optical*, vex::optical*, vex::optical*, vex::distance*, vex::rotation*, double, double, double, double, double, double, double)
 .text._ZN17HighStakesChassisD2Ev
                0x03802a74       0x1c build/src/main.o
                0x03802a74                HighStakesChassis::~HighStakesChassis()
 .text._Z25activatedoinkerafterdelayv
                0x03802a90       0x30 build/src/main.o
                0x03802a90                activatedoinkerafterdelay()
 .text._Z10autonomousv
                0x03802ac0      0xb08 build/src/main.o
                0x03802ac0                autonomous()
 .text._ZNSt6vectorISt4pairIddESaIS1_EEC2ESt16initializer_listIS1_ERKS2_
                0x038035c8       0x4c build/src/main.o
                0x038035c8                std::vector<std::pair<double, double>, std::allocator<std::pair<double, double> > >::vector(std::initializer_list<std::pair<double, double> >, std::allocator<std::pair<double, double> > const&)
 *fill*         0x03803614        0x4 
 .text.main     0x03803618      0x230 build/src/main.o
                0x03803618                main
 .text.__clang_call_terminate
                0x03803848        0x8 build/src/main.o
                0x03803848                __clang_call_terminate
 .text._ZNSt11_Deque_baseIN17HighStakesChassis4RingESaIS1_EE17_M_initialize_mapEj
                0x03803850       0xf4 build/src/main.o
                0x03803850                std::_Deque_base<HighStakesChassis::Ring, std::allocator<HighStakesChassis::Ring> >::_M_initialize_map(unsigned int)
 .text._ZNSt11_Deque_baseIN17HighStakesChassis4RingESaIS1_EE15_M_create_nodesEPPS1_S5_
                0x03803944       0x68 build/src/main.o
                0x03803944                std::_Deque_base<HighStakesChassis::Ring, std::allocator<HighStakesChassis::Ring> >::_M_create_nodes(HighStakesChassis::Ring**, HighStakesChassis::Ring**)
 .text._ZNSt11_Deque_baseIN17HighStakesChassis4RingESaIS1_EED2Ev
                0x038039ac       0x50 build/src/main.o
                0x038039ac                std::_Deque_base<HighStakesChassis::Ring, std::allocator<HighStakesChassis::Ring> >::~_Deque_base()
 .text._ZNSt5dequeIN17HighStakesChassis4RingESaIS1_EE17_M_push_front_auxIJRKS1_EEEvDpOT_
                0x038039fc       0x78 build/src/main.o
                0x038039fc                void std::deque<HighStakesChassis::Ring, std::allocator<HighStakesChassis::Ring> >::_M_push_front_aux<HighStakesChassis::Ring const&>(HighStakesChassis::Ring const&)
 .text._ZNSt5dequeIN17HighStakesChassis4RingESaIS1_EE17_M_reallocate_mapEjb
                0x03803a74      0x12c build/src/main.o
                0x03803a74                std::deque<HighStakesChassis::Ring, std::allocator<HighStakesChassis::Ring> >::_M_reallocate_map(unsigned int, bool)
 .text._ZN10MotorGroup9add_motorIJP5MotorEEEvS2_DpT_
                0x03803ba0       0x88 build/src/main.o
                0x03803ba0                void MotorGroup::add_motor<Motor*>(Motor*, Motor*)
 .text._ZNSt6vectorIP5MotorSaIS1_EE19_M_emplace_back_auxIJRKS1_EEEvDpOT_
                0x03803c28       0x8c build/src/main.o
                0x03803c28                void std::vector<Motor*, std::allocator<Motor*> >::_M_emplace_back_aux<Motor* const&>(Motor* const&)
 .text._ZNKSt6vectorIP5MotorSaIS1_EE12_M_check_lenEjPKc
                0x03803cb4       0x54 build/src/main.o
                0x03803cb4                std::vector<Motor*, std::allocator<Motor*> >::_M_check_len(unsigned int, char const*) const
 .text._ZNSt12_Vector_baseIP5MotorSaIS1_EE11_M_allocateEj
                0x03803d08       0x30 build/src/main.o
                0x03803d08                std::_Vector_base<Motor*, std::allocator<Motor*> >::_M_allocate(unsigned int)
 .text._ZNSt6vectorISt4pairIddESaIS1_EE19_M_range_initializeIPKS1_EEvT_S7_St20forward_iterator_tag
                0x03803d38       0x4c build/src/main.o
                0x03803d38                void std::vector<std::pair<double, double>, std::allocator<std::pair<double, double> > >::_M_range_initialize<std::pair<double, double> const*>(std::pair<double, double> const*, std::pair<double, double> const*, std::forward_iterator_tag)
 .text._ZNSt12_Vector_baseISt4pairIddESaIS1_EE11_M_allocateEj
                0x03803d84       0x30 build/src/main.o
                0x03803d84                std::_Vector_base<std::pair<double, double>, std::allocator<std::pair<double, double> > >::_M_allocate(unsigned int)
 .text._GLOBAL__sub_I_main.cpp
                0x03803db4      0x874 build/src/main.o
 .text._ZN12Coordinate2DC2Edd
                0x03804628       0x18 build/src/path.o
                0x03804628                Coordinate2D::Coordinate2D(double, double)
                0x03804628                Coordinate2D::Coordinate2D(double, double)
 .text._ZN11CubicSpline8linspaceEddi
                0x03804640      0x174 build/src/path.o
                0x03804640                CubicSpline::linspace(double, double, int)
 .text._ZN11CubicSplineC2ESt6vectorIdSaIdEES2_
                0x038047b4      0x978 build/src/path.o
                0x038047b4                CubicSpline::CubicSpline(std::vector<double, std::allocator<double> >, std::vector<double, std::allocator<double> >)
                0x038047b4                CubicSpline::CubicSpline(std::vector<double, std::allocator<double> >, std::vector<double, std::allocator<double> >)
 .text._ZNSt6vectorIdSaIdEEaSERKS1_
                0x0380512c      0x104 build/src/path.o
                0x0380512c                std::vector<double, std::allocator<double> >::operator=(std::vector<double, std::allocator<double> > const&)
 .text._ZNSt6vectorI15CubicExpressionSaIS0_EEC2EjRKS1_
                0x03805230       0x8c build/src/path.o
                0x03805230                std::vector<CubicExpression, std::allocator<CubicExpression> >::vector(unsigned int, std::allocator<CubicExpression> const&)
 .text._ZNSt6vectorIdSaIdEEC2EjRKdRKS0_
                0x038052bc       0x5c build/src/path.o
                0x038052bc                std::vector<double, std::allocator<double> >::vector(unsigned int, double const&, std::allocator<double> const&)
 .text._ZN11CubicSplineclESt6vectorIdSaIdEE
                0x03805318       0xf8 build/src/path.o
                0x03805318                CubicSpline::operator()(std::vector<double, std::allocator<double> >)
 .text._ZN4Path14construct_pathESt6vectorIdSaIdEES2_i
                0x03805410      0x4d8 build/src/path.o
                0x03805410                Path::construct_path(std::vector<double, std::allocator<double> >, std::vector<double, std::allocator<double> >, int)
 .text._ZN4PathC2ESt6vectorISt4pairIddESaIS2_EEi
                0x038058e8      0x1c0 build/src/path.o
                0x038058e8                Path::Path(std::vector<std::pair<double, double>, std::allocator<std::pair<double, double> > >, int)
                0x038058e8                Path::Path(std::vector<std::pair<double, double>, std::allocator<std::pair<double, double> > >, int)
 .text._ZNSt6vectorIS_IdSaIdEESaIS1_EED2Ev
                0x03805aa8       0x50 build/src/path.o
                0x03805aa8                std::vector<std::vector<double, std::allocator<double> >, std::allocator<std::vector<double, std::allocator<double> > > >::~vector()
 .text._ZNSt6vectorIdSaIdEE19_M_emplace_back_auxIJdEEEvDpOT_
                0x03805af8       0x80 build/src/path.o
                0x03805af8                void std::vector<double, std::allocator<double> >::_M_emplace_back_aux<double>(double&&)
 .text._ZNKSt6vectorIdSaIdEE12_M_check_lenEjPKc
                0x03805b78       0x54 build/src/path.o
                0x03805b78                std::vector<double, std::allocator<double> >::_M_check_len(unsigned int, char const*) const
 .text._ZNSt12_Vector_baseI15CubicExpressionSaIS0_EE11_M_allocateEj
                0x03805bcc       0x30 build/src/path.o
                0x03805bcc                std::_Vector_base<CubicExpression, std::allocator<CubicExpression> >::_M_allocate(unsigned int)
 .text._ZNSt6vectorI15CubicExpressionSaIS0_EE14_M_move_assignEOS2_St17integral_constantIbLb1EE
                0x03805bfc       0x5c build/src/path.o
                0x03805bfc                std::vector<CubicExpression, std::allocator<CubicExpression> >::_M_move_assign(std::vector<CubicExpression, std::allocator<CubicExpression> >&&, std::integral_constant<bool, true>)
 .text._ZNSt6vectorIdSaIdEE19_M_emplace_back_auxIJRKdEEEvDpOT_
                0x03805c58       0x80 build/src/path.o
                0x03805c58                void std::vector<double, std::allocator<double> >::_M_emplace_back_aux<double const&>(double const&)
 .text._ZNSt6vectorI12Coordinate2DSaIS0_EE19_M_emplace_back_auxIJS0_EEEvDpOT_
                0x03805cd8       0x8c build/src/path.o
                0x03805cd8                void std::vector<Coordinate2D, std::allocator<Coordinate2D> >::_M_emplace_back_aux<Coordinate2D>(Coordinate2D&&)
 .text._ZNKSt6vectorI12Coordinate2DSaIS0_EE12_M_check_lenEjPKc
                0x03805d64       0x54 build/src/path.o
                0x03805d64                std::vector<Coordinate2D, std::allocator<Coordinate2D> >::_M_check_len(unsigned int, char const*) const
 .text._GLOBAL__sub_I_path.cpp
                0x03805db8       0x34 build/src/path.o
 .text._ZN3PIDC2Eddddddddddddb
                0x03805dec       0x90 build/src/pid.o
                0x03805dec                PID::PID(double, double, double, double, double, double, double, double, double, double, double, double, bool)
                0x03805dec                PID::PID(double, double, double, double, double, double, double, double, double, double, double, double, bool)
 .text._ZN3PID6targetEd
                0x03805e7c        0xc build/src/pid.o
                0x03805e7c                PID::target(double)
 .text._ZN3PID9calculateEdb
                0x03805e88      0x1c4 build/src/pid.o
                0x03805e88                PID::calculate(double, bool)
 .text._ZN3PID13calculate_rawEdb
                0x0380604c       0xc4 build/src/pid.o
                0x0380604c                PID::calculate_raw(double, bool)
 .text._ZNK3PID7arrivedEv
                0x03806110        0x8 build/src/pid.o
                0x03806110                PID::arrived() const
 .text._ZN5Motor4spinEdN3vex12voltageUnitsE
                0x03806118        0xc build/src/motor.o
                0x03806118                Motor::spin(double, vex::voltageUnits)
 .text._ZN5Motor4stopEv
                0x03806124        0xc build/src/motor.o
                0x03806124                Motor::stop()
 .text._ZN5MotorC2ElN3vex11gearSettingEbdd
                0x03806130       0x78 build/src/motor.o
                0x03806130                Motor::Motor(long, vex::gearSetting, bool, double, double)
                0x03806130                Motor::Motor(long, vex::gearSetting, bool, double, double)
 .text._ZN5MotorD2Ev
                0x038061a8       0x2c build/src/motor.o
                0x038061a8                Motor::~Motor()
                0x038061a8                Motor::~Motor()
 *fill*         0x038061d4        0x4 
 .text._ZNK5Motor18max_wheel_velocityEv
                0x038061d8       0x40 build/src/motor.o
                0x038061d8                Motor::max_wheel_velocity() const
 .text._GLOBAL__sub_I_motor.cpp
                0x03806218       0x34 build/src/motor.o
 *fill*         0x0380624c        0x4 
 .text._Z5trackPv
                0x03806250      0x188 build/src/odometry.o
                0x03806250                track(void*)
 .text._ZN8Odometry5resetEv
                0x038063d8       0x40 build/src/odometry.o
                0x038063d8                Odometry::reset()
 .text._Z7displayPv
                0x03806418        0x8 build/src/odometry.o
                0x03806418                display(void*)
 .text._ZN8OdometryC2EPN3vex8rotationES2_PNS0_8inertialEddd
                0x03806420       0xc0 build/src/odometry.o
                0x03806420                Odometry::Odometry(vex::rotation*, vex::rotation*, vex::inertial*, double, double, double)
                0x03806420                Odometry::Odometry(vex::rotation*, vex::rotation*, vex::inertial*, double, double, double)
 .text._ZN8Odometry1xEv
                0x038064e0        0xc build/src/odometry.o
                0x038064e0                Odometry::x()
 .text._ZN8Odometry1yEv
                0x038064ec        0xc build/src/odometry.o
                0x038064ec                Odometry::y()
 .text._ZN8Odometry8rotationEv
                0x038064f8        0xc build/src/odometry.o
                0x038064f8                Odometry::rotation()
 .text._ZN8Odometry8set_poseEddd
                0x03806504       0x1c build/src/odometry.o
                0x03806504                Odometry::set_pose(double, double, double)
 .text._GLOBAL__sub_I_odometry.cpp
                0x03806520       0x34 build/src/odometry.o
 .text._ZN7ChassisC2EP10MotorGroupS1_PN3vex8rotationES4_PNS2_8inertialEPNS2_10controllerEddddddd
                0x03806554       0xb4 build/src/chassis.o
                0x03806554                Chassis::Chassis(MotorGroup*, MotorGroup*, vex::rotation*, vex::rotation*, vex::inertial*, vex::controller*, double, double, double, double, double, double, double)
                0x03806554                Chassis::Chassis(MotorGroup*, MotorGroup*, vex::rotation*, vex::rotation*, vex::inertial*, vex::controller*, double, double, double, double, double, double, double)
 .text._ZN7Chassis5steerEdd
                0x03806608       0xe0 build/src/chassis.o
                0x03806608                Chassis::steer(double, double)
 .text._ZN7Chassis8set_poseEddd
                0x038066e8        0x8 build/src/chassis.o
                0x038066e8                Chassis::set_pose(double, double, double)
 .text._ZN7Chassis11follow_pathE4Pathdd
                0x038066f0      0x2e8 build/src/chassis.o
                0x038066f0                Chassis::follow_path(Path, double, double)
 .text._ZN7Chassis1xEv
                0x038069d8        0x8 build/src/chassis.o
                0x038069d8                Chassis::x()
 .text._ZN7Chassis1yEv
                0x038069e0        0x8 build/src/chassis.o
                0x038069e0                Chassis::y()
 .text._ZN7Chassis7turn_toEdddddd
                0x038069e8       0xe8 build/src/chassis.o
                0x038069e8                Chassis::turn_to(double, double, double, double, double, double)
 .text._ZN7Chassis4turnEddddddddd
                0x03806ad0      0x1fc build/src/chassis.o
                0x03806ad0                Chassis::turn(double, double, double, double, double, double, double, double, double)
 *fill*         0x03806ccc        0x4 
 .text._ZN7Chassis7forwardEddddddddd
                0x03806cd0      0x4b0 build/src/chassis.o
                0x03806cd0                Chassis::forward(double, double, double, double, double, double, double, double, double)
 .text._ZN7Chassis13forward_timerEddd
                0x03807180      0x35c build/src/chassis.o
                0x03807180                Chassis::forward_timer(double, double, double)
 *fill*         0x038074dc        0x4 
 .text._ZN7Chassis11steer_timerEddd
                0x038074e0      0x118 build/src/chassis.o
                0x038074e0                Chassis::steer_timer(double, double, double)
 .text._ZN7Chassis20corner_reset_forwardEd
                0x038075f8      0x128 build/src/chassis.o
                0x038075f8                Chassis::corner_reset_forward(double)
 .text._GLOBAL__sub_I_chassis.cpp
                0x03807720       0x34 build/src/chassis.o
 .text._ZN6Matrix8swap_rowEii
                0x03807754       0x4c build/src/matrix.o
                0x03807754                Matrix::swap_row(int, int)
 .text._ZN6Matrix13row_operationEiSt3mapIidSt4lessIiESaISt4pairIKidEEE
                0x038077a0       0xf0 build/src/matrix.o
                0x038077a0                Matrix::row_operation(int, std::map<int, double, std::less<int>, std::allocator<std::pair<int const, double> > >)
 .text._ZN6MatrixixEi
                0x03807890       0x10 build/src/matrix.o
                0x03807890                Matrix::operator[](int)
 .text._ZN6MatrixC2Ev
                0x038078a0       0x64 build/src/matrix.o
                0x038078a0                Matrix::Matrix()
                0x038078a0                Matrix::Matrix()
 .text._ZN6MatrixC2ERS_
                0x03807904       0x64 build/src/matrix.o
                0x03807904                Matrix::Matrix(Matrix&)
                0x03807904                Matrix::Matrix(Matrix&)
 .text._ZNSt6vectorIS_IdSaIdEESaIS1_EEaSERKS3_
                0x03807968      0x1a4 build/src/matrix.o
                0x03807968                std::vector<std::vector<double, std::allocator<double> >, std::allocator<std::vector<double, std::allocator<double> > > >::operator=(std::vector<std::vector<double, std::allocator<double> >, std::allocator<std::vector<double, std::allocator<double> > > > const&)
 .text._ZN6MatrixC2ESt4pairIiiEd
                0x03807b0c       0xa8 build/src/matrix.o
                0x03807b0c                Matrix::Matrix(std::pair<int, int>, double)
                0x03807b0c                Matrix::Matrix(std::pair<int, int>, double)
 .text._ZN6MatrixaSEOS_
                0x03807bb4       0x30 build/src/matrix.o
                0x03807bb4                Matrix::operator=(Matrix&&)
 .text._Z5zerosii
                0x03807be4       0x24 build/src/matrix.o
                0x03807be4                zeros(int, int)
 .text._ZN6Matrix4rrefEv
                0x03807c08      0x454 build/src/matrix.o
                0x03807c08                Matrix::rref()
 .text._ZNSt3mapIidSt4lessIiESaISt4pairIKidEEEC2ESt16initializer_listIS4_ERKS1_RKS5_
                0x0380805c       0x78 build/src/matrix.o
                0x0380805c                std::map<int, double, std::less<int>, std::allocator<std::pair<int const, double> > >::map(std::initializer_list<std::pair<int const, double> >, std::less<int> const&, std::allocator<std::pair<int const, double> > const&)
 .text._ZNSt8_Rb_treeIiSt4pairIKidESt10_Select1stIS2_ESt4lessIiESaIS2_EED2Ev
                0x038080d4       0x20 build/src/matrix.o
                0x038080d4                std::_Rb_tree<int, std::pair<int const, double>, std::_Select1st<std::pair<int const, double> >, std::less<int>, std::allocator<std::pair<int const, double> > >::~_Rb_tree()
 .text._ZNSt8_Rb_treeIiSt4pairIKidESt10_Select1stIS2_ESt4lessIiESaIS2_EE8_M_eraseEPSt13_Rb_tree_nodeIS2_E
                0x038080f4       0x40 build/src/matrix.o
                0x038080f4                std::_Rb_tree<int, std::pair<int const, double>, std::_Select1st<std::pair<int const, double> >, std::less<int>, std::allocator<std::pair<int const, double> > >::_M_erase(std::_Rb_tree_node<std::pair<int const, double> >*)
 .text._ZNSt6vectorIS_IdSaIdEESaIS1_EE14_M_move_assignEOS3_St17integral_constantIbLb1EE
                0x03808134       0x70 build/src/matrix.o
                0x03808134                std::vector<std::vector<double, std::allocator<double> >, std::allocator<std::vector<double, std::allocator<double> > > >::_M_move_assign(std::vector<std::vector<double, std::allocator<double> >, std::allocator<std::vector<double, std::allocator<double> > > >&&, std::integral_constant<bool, true>)
 .text._ZNSt6vectorIS_IdSaIdEESaIS1_EE20_M_allocate_and_copyIN9__gnu_cxx17__normal_iteratorIPKS1_S3_EEEEPS1_jT_SB_
                0x038081a4       0x5c build/src/matrix.o
                0x038081a4                std::vector<double, std::allocator<double> >* std::vector<std::vector<double, std::allocator<double> >, std::allocator<std::vector<double, std::allocator<double> > > >::_M_allocate_and_copy<__gnu_cxx::__normal_iterator<std::vector<double, std::allocator<double> > const*, std::vector<std::vector<double, std::allocator<double> >, std::allocator<std::vector<double, std::allocator<double> > > > > >(unsigned int, __gnu_cxx::__normal_iterator<std::vector<double, std::allocator<double> > const*, std::vector<std::vector<double, std::allocator<double> >, std::allocator<std::vector<double, std::allocator<double> > > > >, __gnu_cxx::__normal_iterator<std::vector<double, std::allocator<double> > const*, std::vector<std::vector<double, std::allocator<double> >, std::allocator<std::vector<double, std::allocator<double> > > > >)
 .text._ZNSt12_Vector_baseISt6vectorIdSaIdEESaIS2_EE11_M_allocateEj
                0x03808200       0x3c build/src/matrix.o
                0x03808200                std::_Vector_base<std::vector<double, std::allocator<double> >, std::allocator<std::vector<double, std::allocator<double> > > >::_M_allocate(unsigned int)
 .text._ZNSt20__uninitialized_copyILb0EE13__uninit_copyIN9__gnu_cxx17__normal_iteratorIPKSt6vectorIdSaIdEES4_IS6_SaIS6_EEEEPS6_EET0_T_SE_SD_
                0x0380823c       0x84 build/src/matrix.o
                0x0380823c                std::vector<double, std::allocator<double> >* std::__uninitialized_copy<false>::__uninit_copy<__gnu_cxx::__normal_iterator<std::vector<double, std::allocator<double> > const*, std::vector<std::vector<double, std::allocator<double> >, std::allocator<std::vector<double, std::allocator<double> > > > >, std::vector<double, std::allocator<double> >*>(__gnu_cxx::__normal_iterator<std::vector<double, std::allocator<double> > const*, std::vector<std::vector<double, std::allocator<double> >, std::allocator<std::vector<double, std::allocator<double> > > > >, __gnu_cxx::__normal_iterator<std::vector<double, std::allocator<double> > const*, std::vector<std::vector<double, std::allocator<double> >, std::allocator<std::vector<double, std::allocator<double> > > > >, std::vector<double, std::allocator<double> >*)
 .text._ZNSt20__uninitialized_copyILb0EE13__uninit_copyIPSt6vectorIdSaIdEES5_EET0_T_S7_S6_
                0x038082c0       0x84 build/src/matrix.o
                0x038082c0                std::vector<double, std::allocator<double> >* std::__uninitialized_copy<false>::__uninit_copy<std::vector<double, std::allocator<double> >*, std::vector<double, std::allocator<double> >*>(std::vector<double, std::allocator<double> >*, std::vector<double, std::allocator<double> >*, std::vector<double, std::allocator<double> >*)
 .text._ZNSt6vectorIS_IdSaIdEESaIS1_EE14_M_fill_assignEjRKS1_
                0x03808344      0x15c build/src/matrix.o
                0x03808344                std::vector<std::vector<double, std::allocator<double> >, std::allocator<std::vector<double, std::allocator<double> > > >::_M_fill_assign(unsigned int, std::vector<double, std::allocator<double> > const&)
 .text._ZNSt6vectorIS_IdSaIdEESaIS1_EEC2EjRKS1_RKS2_
                0x038084a0       0x74 build/src/matrix.o
                0x038084a0                std::vector<std::vector<double, std::allocator<double> >, std::allocator<std::vector<double, std::allocator<double> > > >::vector(unsigned int, std::vector<double, std::allocator<double> > const&, std::allocator<std::vector<double, std::allocator<double> > > const&)
 .text._ZNSt22__uninitialized_fill_nILb0EE15__uninit_fill_nIPSt6vectorIdSaIdEEjS4_EEvT_T0_RKT1_
                0x03808514       0x7c build/src/matrix.o
                0x03808514                void std::__uninitialized_fill_n<false>::__uninit_fill_n<std::vector<double, std::allocator<double> >*, unsigned int, std::vector<double, std::allocator<double> > >(std::vector<double, std::allocator<double> >*, unsigned int, std::vector<double, std::allocator<double> > const&)
 .text._ZNSt6vectorISt4pairIiiESaIS1_EE19_M_emplace_back_auxIJS1_EEEvDpOT_
                0x03808590       0x94 build/src/matrix.o
                0x03808590                void std::vector<std::pair<int, int>, std::allocator<std::pair<int, int> > >::_M_emplace_back_aux<std::pair<int, int> >(std::pair<int, int>&&)
 .text._ZNKSt6vectorISt4pairIiiESaIS1_EE12_M_check_lenEjPKc
                0x03808624       0x54 build/src/matrix.o
                0x03808624                std::vector<std::pair<int, int>, std::allocator<std::pair<int, int> > >::_M_check_len(unsigned int, char const*) const
 .text._ZNSt12_Vector_baseISt4pairIiiESaIS1_EE11_M_allocateEj
                0x03808678       0x30 build/src/matrix.o
                0x03808678                std::_Vector_base<std::pair<int, int>, std::allocator<std::pair<int, int> > >::_M_allocate(unsigned int)
 .text._ZNSt8_Rb_treeIiSt4pairIKidESt10_Select1stIS2_ESt4lessIiESaIS2_EE17_M_insert_unique_IRKS2_EESt17_Rb_tree_iteratorIS2_ESt23_Rb_tree_const_iteratorIS2_EOT_
                0x038086a8       0x50 build/src/matrix.o
                0x038086a8                std::_Rb_tree_iterator<std::pair<int const, double> > std::_Rb_tree<int, std::pair<int const, double>, std::_Select1st<std::pair<int const, double> >, std::less<int>, std::allocator<std::pair<int const, double> > >::_M_insert_unique_<std::pair<int const, double> const&>(std::_Rb_tree_const_iterator<std::pair<int const, double> >, std::pair<int const, double> const&)
 .text._ZNSt8_Rb_treeIiSt4pairIKidESt10_Select1stIS2_ESt4lessIiESaIS2_EE29_M_get_insert_hint_unique_posESt23_Rb_tree_const_iteratorIS2_ERS1_
                0x038086f8      0x108 build/src/matrix.o
                0x038086f8                std::_Rb_tree<int, std::pair<int const, double>, std::_Select1st<std::pair<int const, double> >, std::less<int>, std::allocator<std::pair<int const, double> > >::_M_get_insert_hint_unique_pos(std::_Rb_tree_const_iterator<std::pair<int const, double> >, int const&)
 .text._ZNSt8_Rb_treeIiSt4pairIKidESt10_Select1stIS2_ESt4lessIiESaIS2_EE10_M_insert_IRKS2_EESt17_Rb_tree_iteratorIS2_EPSt18_Rb_tree_node_baseSF_OT_
                0x03808800       0x80 build/src/matrix.o
                0x03808800                std::_Rb_tree_iterator<std::pair<int const, double> > std::_Rb_tree<int, std::pair<int const, double>, std::_Select1st<std::pair<int const, double> >, std::less<int>, std::allocator<std::pair<int const, double> > >::_M_insert_<std::pair<int const, double> const&>(std::_Rb_tree_node_base*, std::_Rb_tree_node_base*, std::pair<int const, double> const&)
 .text._ZNSt8_Rb_treeIiSt4pairIKidESt10_Select1stIS2_ESt4lessIiESaIS2_EE24_M_get_insert_unique_posERS1_
                0x03808880       0x90 build/src/matrix.o
                0x03808880                std::_Rb_tree<int, std::pair<int const, double>, std::_Select1st<std::pair<int const, double> >, std::less<int>, std::allocator<std::pair<int const, double> > >::_M_get_insert_unique_pos(int const&)
 .text._GLOBAL__sub_I_matrix.cpp
                0x03808910       0x34 build/src/matrix.o
 .text.vexMain  0x03808944       0xb0 c:\Users\Aaron\AppData\Roaming\Code\User\globalStorage\vexrobotics.vexcode\sdk\cpp\V5\V5_20240802_15_00_00/vexv5\libv5rt.a(v5_startup.c.obj)
                0x03808944                vexMain
 .text.__vex_function_prolog
                0x038089f4       0x18 c:\Users\Aaron\AppData\Roaming\Code\User\globalStorage\vexrobotics.vexcode\sdk\cpp\V5\V5_20240802_15_00_00/vexv5\libv5rt.a(v5_startup.c.obj)
                0x038089f4                __vex_function_prolog
 .text._init    0x03808a0c        0x4 c:\Users\Aaron\AppData\Roaming\Code\User\globalStorage\vexrobotics.vexcode\sdk\cpp\V5\V5_20240802_15_00_00/vexv5\libv5rt.a(v5_startup.c.obj)
                0x03808a0c                _init
 .text._fini    0x03808a10        0x4 c:\Users\Aaron\AppData\Roaming\Code\User\globalStorage\vexrobotics.vexcode\sdk\cpp\V5\V5_20240802_15_00_00/vexv5\libv5rt.a(v5_startup.c.obj)
                0x03808a10                _fini
 .text.vexStdlibVersionLinked
                0x03808a14        0xc c:\Users\Aaron\AppData\Roaming\Code\User\globalStorage\vexrobotics.vexcode\sdk\cpp\V5\V5_20240802_15_00_00/vexv5\libv5rt.a(v5_util.c.obj)
                0x03808a14                vexStdlibVersionLinked
 .text.vexStdlibVersionVerify
                0x03808a20       0x30 c:\Users\Aaron\AppData\Roaming\Code\User\globalStorage\vexrobotics.vexcode\sdk\cpp\V5\V5_20240802_15_00_00/vexv5\libv5rt.a(v5_util.c.obj)
                0x03808a20                vexStdlibVersionVerify
 .text.vexPrivateApiEnable
                0x03808a50       0x10 c:\Users\Aaron\AppData\Roaming\Code\User\globalStorage\vexrobotics.vexcode\sdk\cpp\V5\V5_20240802_15_00_00/vexv5\libv5rt.a(v5_apijump.c.obj)
                0x03808a50                vexPrivateApiEnable
 .text.vexStdlibMismatchError
                0x03808a60       0x3c c:\Users\Aaron\AppData\Roaming\Code\User\globalStorage\vexrobotics.vexcode\sdk\cpp\V5\V5_20240802_15_00_00/vexv5\libv5rt.a(v5_apijump.c.obj)
                0x03808a60                vexStdlibMismatchError
 .text.vexTaskAdd
                0x03808a9c       0x10 c:\Users\Aaron\AppData\Roaming\Code\User\globalStorage\vexrobotics.vexcode\sdk\cpp\V5\V5_20240802_15_00_00/vexv5\libv5rt.a(v5_apijump.c.obj)
                0x03808a9c                vexTaskAdd
 .text.vexTasksRun
                0x03808aac       0x10 c:\Users\Aaron\AppData\Roaming\Code\User\globalStorage\vexrobotics.vexcode\sdk\cpp\V5\V5_20240802_15_00_00/vexv5\libv5rt.a(v5_apijump.c.obj)
                0x03808aac                vexTasksRun
 .text.vexTaskCheckTimeslice
                0x03808abc       0x10 c:\Users\Aaron\AppData\Roaming\Code\User\globalStorage\vexrobotics.vexcode\sdk\cpp\V5\V5_20240802_15_00_00/vexv5\libv5rt.a(v5_apijump.c.obj)
                0x03808abc                vexTaskCheckTimeslice
 .text.vexTaskSleep
                0x03808acc       0x10 c:\Users\Aaron\AppData\Roaming\Code\User\globalStorage\vexrobotics.vexcode\sdk\cpp\V5\V5_20240802_15_00_00/vexv5\libv5rt.a(v5_apijump.c.obj)
                0x03808acc                vexTaskSleep
 .text.vexTasksDump
                0x03808adc       0x1c c:\Users\Aaron\AppData\Roaming\Code\User\globalStorage\vexrobotics.vexcode\sdk\cpp\V5\V5_20240802_15_00_00/vexv5\libv5rt.a(v5_apijump.c.obj)
                0x03808adc                vexTasksDump
 .text.vexTaskGetTaskIndex
                0x03808af8       0x10 c:\Users\Aaron\AppData\Roaming\Code\User\globalStorage\vexrobotics.vexcode\sdk\cpp\V5\V5_20240802_15_00_00/vexv5\libv5rt.a(v5_apijump.c.obj)
                0x03808af8                vexTaskGetTaskIndex
 .text.vexTaskStopAll
                0x03808b08       0x10 c:\Users\Aaron\AppData\Roaming\Code\User\globalStorage\vexrobotics.vexcode\sdk\cpp\V5\V5_20240802_15_00_00/vexv5\libv5rt.a(v5_apijump.c.obj)
                0x03808b08                vexTaskStopAll
 .text.vexTaskCompletionIdSet
                0x03808b18       0x10 c:\Users\Aaron\AppData\Roaming\Code\User\globalStorage\vexrobotics.vexcode\sdk\cpp\V5\V5_20240802_15_00_00/vexv5\libv5rt.a(v5_apijump.c.obj)
                0x03808b18                vexTaskCompletionIdSet
 .text.vexTaskAddWithArg
                0x03808b28       0x10 c:\Users\Aaron\AppData\Roaming\Code\User\globalStorage\vexrobotics.vexcode\sdk\cpp\V5\V5_20240802_15_00_00/vexv5\libv5rt.a(v5_apijump.c.obj)
                0x03808b28                vexTaskAddWithArg
 .text.vexTaskStopWithId
                0x03808b38       0x10 c:\Users\Aaron\AppData\Roaming\Code\User\globalStorage\vexrobotics.vexcode\sdk\cpp\V5\V5_20240802_15_00_00/vexv5\libv5rt.a(v5_apijump.c.obj)
                0x03808b38                vexTaskStopWithId
 .text.vexCriticalSection
                0x03808b48       0x2c c:\Users\Aaron\AppData\Roaming\Code\User\globalStorage\vexrobotics.vexcode\sdk\cpp\V5\V5_20240802_15_00_00/vexv5\libv5rt.a(v5_apijump.c.obj)
                0x03808b48                vexCriticalSection
 .text.vexEventAdd
                0x03808b74       0x34 c:\Users\Aaron\AppData\Roaming\Code\User\globalStorage\vexrobotics.vexcode\sdk\cpp\V5\V5_20240802_15_00_00/vexv5\libv5rt.a(v5_apijump.c.obj)
                0x03808b74                vexEventAdd
 .text.vexEventUserIndexGet
                0x03808ba8       0x1c c:\Users\Aaron\AppData\Roaming\Code\User\globalStorage\vexrobotics.vexcode\sdk\cpp\V5\V5_20240802_15_00_00/vexv5\libv5rt.a(v5_apijump.c.obj)
                0x03808ba8                vexEventUserIndexGet
 .text.vexDebug
                0x03808bc4       0x38 c:\Users\Aaron\AppData\Roaming\Code\User\globalStorage\vexrobotics.vexcode\sdk\cpp\V5\V5_20240802_15_00_00/vexv5\libv5rt.a(v5_apijump.c.obj)
                0x03808bc4                vexDebug
 .text.vex_sprintf
                0x03808bfc       0x40 c:\Users\Aaron\AppData\Roaming\Code\User\globalStorage\vexrobotics.vexcode\sdk\cpp\V5\V5_20240802_15_00_00/vexv5\libv5rt.a(v5_apijump.c.obj)
                0x03808bfc                vex_sprintf
 .text.vexSystemTimeGet
                0x03808c3c       0x1c c:\Users\Aaron\AppData\Roaming\Code\User\globalStorage\vexrobotics.vexcode\sdk\cpp\V5\V5_20240802_15_00_00/vexv5\libv5rt.a(v5_apijump.c.obj)
                0x03808c3c                vexSystemTimeGet
 .text.vexSystemExitRequest
                0x03808c58       0x1c c:\Users\Aaron\AppData\Roaming\Code\User\globalStorage\vexrobotics.vexcode\sdk\cpp\V5\V5_20240802_15_00_00/vexv5\libv5rt.a(v5_apijump.c.obj)
                0x03808c58                vexSystemExitRequest
 .text.vexDeviceGetByIndex
                0x03808c74       0x24 c:\Users\Aaron\AppData\Roaming\Code\User\globalStorage\vexrobotics.vexcode\sdk\cpp\V5\V5_20240802_15_00_00/vexv5\libv5rt.a(v5_apijump.c.obj)
                0x03808c74                vexDeviceGetByIndex
 .text.vexControllerGet
                0x03808c98       0x2c c:\Users\Aaron\AppData\Roaming\Code\User\globalStorage\vexrobotics.vexcode\sdk\cpp\V5\V5_20240802_15_00_00/vexv5\libv5rt.a(v5_apijump.c.obj)
                0x03808c98                vexControllerGet
 .text.vexDeviceAdiPortConfigSet
                0x03808cc4       0x34 c:\Users\Aaron\AppData\Roaming\Code\User\globalStorage\vexrobotics.vexcode\sdk\cpp\V5\V5_20240802_15_00_00/vexv5\libv5rt.a(v5_apijump.c.obj)
                0x03808cc4                vexDeviceAdiPortConfigSet
 .text.vexDeviceAdiPortConfigGet
                0x03808cf8       0x2c c:\Users\Aaron\AppData\Roaming\Code\User\globalStorage\vexrobotics.vexcode\sdk\cpp\V5\V5_20240802_15_00_00/vexv5\libv5rt.a(v5_apijump.c.obj)
                0x03808cf8                vexDeviceAdiPortConfigGet
 .text.vexDeviceAdiValueSet
                0x03808d24       0x34 c:\Users\Aaron\AppData\Roaming\Code\User\globalStorage\vexrobotics.vexcode\sdk\cpp\V5\V5_20240802_15_00_00/vexv5\libv5rt.a(v5_apijump.c.obj)
                0x03808d24                vexDeviceAdiValueSet
 .text.vexDeviceMotorVelocitySet
                0x03808d58       0x2c c:\Users\Aaron\AppData\Roaming\Code\User\globalStorage\vexrobotics.vexcode\sdk\cpp\V5\V5_20240802_15_00_00/vexv5\libv5rt.a(v5_apijump.c.obj)
                0x03808d58                vexDeviceMotorVelocitySet
 .text.vexDeviceMotorVoltageSet
                0x03808d84       0x2c c:\Users\Aaron\AppData\Roaming\Code\User\globalStorage\vexrobotics.vexcode\sdk\cpp\V5\V5_20240802_15_00_00/vexv5\libv5rt.a(v5_apijump.c.obj)
                0x03808d84                vexDeviceMotorVoltageSet
 .text.vexDeviceMotorActualVelocityGet
                0x03808db0       0x24 c:\Users\Aaron\AppData\Roaming\Code\User\globalStorage\vexrobotics.vexcode\sdk\cpp\V5\V5_20240802_15_00_00/vexv5\libv5rt.a(v5_apijump.c.obj)
                0x03808db0                vexDeviceMotorActualVelocityGet
 .text.vexDeviceMotorReverseFlagSet
                0x03808dd4       0x2c c:\Users\Aaron\AppData\Roaming\Code\User\globalStorage\vexrobotics.vexcode\sdk\cpp\V5\V5_20240802_15_00_00/vexv5\libv5rt.a(v5_apijump.c.obj)
                0x03808dd4                vexDeviceMotorReverseFlagSet
 .text.vexDeviceMotorEncoderUnitsSet
                0x03808e00       0x2c c:\Users\Aaron\AppData\Roaming\Code\User\globalStorage\vexrobotics.vexcode\sdk\cpp\V5\V5_20240802_15_00_00/vexv5\libv5rt.a(v5_apijump.c.obj)
                0x03808e00                vexDeviceMotorEncoderUnitsSet
 .text.vexDeviceMotorBrakeModeSet
                0x03808e2c       0x2c c:\Users\Aaron\AppData\Roaming\Code\User\globalStorage\vexrobotics.vexcode\sdk\cpp\V5\V5_20240802_15_00_00/vexv5\libv5rt.a(v5_apijump.c.obj)
                0x03808e2c                vexDeviceMotorBrakeModeSet
 .text.vexDeviceMotorPositionSet
                0x03808e58       0x34 c:\Users\Aaron\AppData\Roaming\Code\User\globalStorage\vexrobotics.vexcode\sdk\cpp\V5\V5_20240802_15_00_00/vexv5\libv5rt.a(v5_apijump.c.obj)
                0x03808e58                vexDeviceMotorPositionSet
 .text.vexDeviceMotorPositionGet
                0x03808e8c       0x24 c:\Users\Aaron\AppData\Roaming\Code\User\globalStorage\vexrobotics.vexcode\sdk\cpp\V5\V5_20240802_15_00_00/vexv5\libv5rt.a(v5_apijump.c.obj)
                0x03808e8c                vexDeviceMotorPositionGet
 .text.vexDeviceMotorGearingSet
                0x03808eb0       0x2c c:\Users\Aaron\AppData\Roaming\Code\User\globalStorage\vexrobotics.vexcode\sdk\cpp\V5\V5_20240802_15_00_00/vexv5\libv5rt.a(v5_apijump.c.obj)
                0x03808eb0                vexDeviceMotorGearingSet
 .text.vexDeviceMotorGearingGet
                0x03808edc       0x24 c:\Users\Aaron\AppData\Roaming\Code\User\globalStorage\vexrobotics.vexcode\sdk\cpp\V5\V5_20240802_15_00_00/vexv5\libv5rt.a(v5_apijump.c.obj)
                0x03808edc                vexDeviceMotorGearingGet
 .text.vexDeviceImuReset
                0x03808f00       0x24 c:\Users\Aaron\AppData\Roaming\Code\User\globalStorage\vexrobotics.vexcode\sdk\cpp\V5\V5_20240802_15_00_00/vexv5\libv5rt.a(v5_apijump.c.obj)
                0x03808f00                vexDeviceImuReset
 .text.vexDeviceImuHeadingGet
                0x03808f24       0x24 c:\Users\Aaron\AppData\Roaming\Code\User\globalStorage\vexrobotics.vexcode\sdk\cpp\V5\V5_20240802_15_00_00/vexv5\libv5rt.a(v5_apijump.c.obj)
                0x03808f24                vexDeviceImuHeadingGet
 .text.vexDeviceImuDegreesGet
                0x03808f48       0x24 c:\Users\Aaron\AppData\Roaming\Code\User\globalStorage\vexrobotics.vexcode\sdk\cpp\V5\V5_20240802_15_00_00/vexv5\libv5rt.a(v5_apijump.c.obj)
                0x03808f48                vexDeviceImuDegreesGet
 .text.vexDeviceImuStatusGet
                0x03808f6c       0x24 c:\Users\Aaron\AppData\Roaming\Code\User\globalStorage\vexrobotics.vexcode\sdk\cpp\V5\V5_20240802_15_00_00/vexv5\libv5rt.a(v5_apijump.c.obj)
                0x03808f6c                vexDeviceImuStatusGet
 .text.vexDeviceAbsEncPositionSet
                0x03808f90       0x2c c:\Users\Aaron\AppData\Roaming\Code\User\globalStorage\vexrobotics.vexcode\sdk\cpp\V5\V5_20240802_15_00_00/vexv5\libv5rt.a(v5_apijump.c.obj)
                0x03808f90                vexDeviceAbsEncPositionSet
 .text.vexDeviceAbsEncPositionGet
                0x03808fbc       0x24 c:\Users\Aaron\AppData\Roaming\Code\User\globalStorage\vexrobotics.vexcode\sdk\cpp\V5\V5_20240802_15_00_00/vexv5\libv5rt.a(v5_apijump.c.obj)
                0x03808fbc                vexDeviceAbsEncPositionGet
 .text.vexDeviceAbsEncAngleGet
                0x03808fe0       0x24 c:\Users\Aaron\AppData\Roaming\Code\User\globalStorage\vexrobotics.vexcode\sdk\cpp\V5\V5_20240802_15_00_00/vexv5\libv5rt.a(v5_apijump.c.obj)
                0x03808fe0                vexDeviceAbsEncAngleGet
 .text.vexDeviceAbsEncReverseFlagSet
                0x03809004       0x2c c:\Users\Aaron\AppData\Roaming\Code\User\globalStorage\vexrobotics.vexcode\sdk\cpp\V5\V5_20240802_15_00_00/vexv5\libv5rt.a(v5_apijump.c.obj)
                0x03809004                vexDeviceAbsEncReverseFlagSet
 .text.vexDeviceOpticalHueGet
                0x03809030       0x24 c:\Users\Aaron\AppData\Roaming\Code\User\globalStorage\vexrobotics.vexcode\sdk\cpp\V5\V5_20240802_15_00_00/vexv5\libv5rt.a(v5_apijump.c.obj)
                0x03809030                vexDeviceOpticalHueGet
 .text.vexDeviceOpticalProximityGet
                0x03809054       0x24 c:\Users\Aaron\AppData\Roaming\Code\User\globalStorage\vexrobotics.vexcode\sdk\cpp\V5\V5_20240802_15_00_00/vexv5\libv5rt.a(v5_apijump.c.obj)
                0x03809054                vexDeviceOpticalProximityGet
 .text.vexDeviceOpticalLedPwmSet
                0x03809078       0x2c c:\Users\Aaron\AppData\Roaming\Code\User\globalStorage\vexrobotics.vexcode\sdk\cpp\V5\V5_20240802_15_00_00/vexv5\libv5rt.a(v5_apijump.c.obj)
                0x03809078                vexDeviceOpticalLedPwmSet
 .text.vexDeviceOpticalGestureEnable
                0x038090a4       0x24 c:\Users\Aaron\AppData\Roaming\Code\User\globalStorage\vexrobotics.vexcode\sdk\cpp\V5\V5_20240802_15_00_00/vexv5\libv5rt.a(v5_apijump.c.obj)
                0x038090a4                vexDeviceOpticalGestureEnable
 .text.vexDeviceOpticalGestureDisable
                0x038090c8       0x24 c:\Users\Aaron\AppData\Roaming\Code\User\globalStorage\vexrobotics.vexcode\sdk\cpp\V5\V5_20240802_15_00_00/vexv5\libv5rt.a(v5_apijump.c.obj)
                0x038090c8                vexDeviceOpticalGestureDisable
 .text.vexDeviceOpticalProximityThreshold
                0x038090ec       0x2c c:\Users\Aaron\AppData\Roaming\Code\User\globalStorage\vexrobotics.vexcode\sdk\cpp\V5\V5_20240802_15_00_00/vexv5\libv5rt.a(v5_apijump.c.obj)
                0x038090ec                vexDeviceOpticalProximityThreshold
 .text.vexDeviceOpticalIntegrationTimeSet
                0x03809118       0x34 c:\Users\Aaron\AppData\Roaming\Code\User\globalStorage\vexrobotics.vexcode\sdk\cpp\V5\V5_20240802_15_00_00/vexv5\libv5rt.a(v5_apijump.c.obj)
                0x03809118                vexDeviceOpticalIntegrationTimeSet
 .text.vexDeviceDistanceDistanceGet
                0x0380914c       0x24 c:\Users\Aaron\AppData\Roaming\Code\User\globalStorage\vexrobotics.vexcode\sdk\cpp\V5\V5_20240802_15_00_00/vexv5\libv5rt.a(v5_apijump.c.obj)
                0x0380914c                vexDeviceDistanceDistanceGet
 .text.vexDisplayForegroundColor
                0x03809170       0x24 c:\Users\Aaron\AppData\Roaming\Code\User\globalStorage\vexrobotics.vexcode\sdk\cpp\V5\V5_20240802_15_00_00/vexv5\libv5rt.a(v5_apijump.c.obj)
                0x03809170                vexDisplayForegroundColor
 .text.vexDisplayBackgroundColor
                0x03809194       0x24 c:\Users\Aaron\AppData\Roaming\Code\User\globalStorage\vexrobotics.vexcode\sdk\cpp\V5\V5_20240802_15_00_00/vexv5\libv5rt.a(v5_apijump.c.obj)
                0x03809194                vexDisplayBackgroundColor
 .text.vexDisplayVPrintf
                0x038091b8       0x50 c:\Users\Aaron\AppData\Roaming\Code\User\globalStorage\vexrobotics.vexcode\sdk\cpp\V5\V5_20240802_15_00_00/vexv5\libv5rt.a(v5_apijump.c.obj)
                0x038091b8                vexDisplayVPrintf
 .text.vexDisplayTextReference
                0x03809208       0x24 c:\Users\Aaron\AppData\Roaming\Code\User\globalStorage\vexrobotics.vexcode\sdk\cpp\V5\V5_20240802_15_00_00/vexv5\libv5rt.a(v5_apijump.c.obj)
                0x03809208                vexDisplayTextReference
 .text.vexDisplayTextSize
                0x0380922c       0x2c c:\Users\Aaron\AppData\Roaming\Code\User\globalStorage\vexrobotics.vexcode\sdk\cpp\V5\V5_20240802_15_00_00/vexv5\libv5rt.a(v5_apijump.c.obj)
                0x0380922c                vexDisplayTextSize
 .text.vexDisplayFontNamedSet
                0x03809258       0x24 c:\Users\Aaron\AppData\Roaming\Code\User\globalStorage\vexrobotics.vexcode\sdk\cpp\V5\V5_20240802_15_00_00/vexv5\libv5rt.a(v5_apijump.c.obj)
                0x03809258                vexDisplayFontNamedSet
 .text.vexSystemStdlibImpureDataAddr
                0x0380927c       0x28 c:\Users\Aaron\AppData\Roaming\Code\User\globalStorage\vexrobotics.vexcode\sdk\cpp\V5\V5_20240802_15_00_00/vexv5\libv5rt.a(v5_apijump.c.obj)
                0x0380927c                vexSystemStdlibImpureDataAddr
 .text.vexSystemStdlibImpureDataSize
                0x038092a4       0x28 c:\Users\Aaron\AppData\Roaming\Code\User\globalStorage\vexrobotics.vexcode\sdk\cpp\V5\V5_20240802_15_00_00/vexv5\libv5rt.a(v5_apijump.c.obj)
                0x038092a4                vexSystemStdlibImpureDataSize
 .text.vexSystemSaveUserData
                0x038092cc       0x3c c:\Users\Aaron\AppData\Roaming\Code\User\globalStorage\vexrobotics.vexcode\sdk\cpp\V5\V5_20240802_15_00_00/vexv5\libv5rt.a(v5_apijump.c.obj)
                0x038092cc                vexSystemSaveUserData
 .text.vexDisplayThemeIdGet
                0x03809308       0x38 c:\Users\Aaron\AppData\Roaming\Code\User\globalStorage\vexrobotics.vexcode\sdk\cpp\V5\V5_20240802_15_00_00/vexv5\libv5rt.a(v5_apijump.c.obj)
                0x03809308                vexDisplayThemeIdGet
 .text.vexDeviceEventMaskSet
                0x03809340       0x48 c:\Users\Aaron\AppData\Roaming\Code\User\globalStorage\vexrobotics.vexcode\sdk\cpp\V5\V5_20240802_15_00_00/vexv5\libv5rt.a(v5_apijump.c.obj)
                0x03809340                vexDeviceEventMaskSet
 .text.vexDeviceEventMaskGet
                0x03809388       0x3c c:\Users\Aaron\AppData\Roaming\Code\User\globalStorage\vexrobotics.vexcode\sdk\cpp\V5\V5_20240802_15_00_00/vexv5\libv5rt.a(v5_apijump.c.obj)
                0x03809388                vexDeviceEventMaskGet
 .text.vexDelay
                0x038093c4        0x4 c:\Users\Aaron\AppData\Roaming\Code\User\globalStorage\vexrobotics.vexcode\sdk\cpp\V5\V5_20240802_15_00_00/vexv5\libv5rt.a(v5_apiuser.c.obj)
                0x038093c4                vexDelay
 .text.vexAdiPortConfigSet
                0x038093c8       0x28 c:\Users\Aaron\AppData\Roaming\Code\User\globalStorage\vexrobotics.vexcode\sdk\cpp\V5\V5_20240802_15_00_00/vexv5\libv5rt.a(v5_apiuser.c.obj)
                0x038093c8                vexAdiPortConfigSet
 .text.vexAdiPortConfigGet
                0x038093f0       0x28 c:\Users\Aaron\AppData\Roaming\Code\User\globalStorage\vexrobotics.vexcode\sdk\cpp\V5\V5_20240802_15_00_00/vexv5\libv5rt.a(v5_apiuser.c.obj)
                0x038093f0                vexAdiPortConfigGet
 .text.vexAdiValueSet
                0x03809418       0x28 c:\Users\Aaron\AppData\Roaming\Code\User\globalStorage\vexrobotics.vexcode\sdk\cpp\V5\V5_20240802_15_00_00/vexv5\libv5rt.a(v5_apiuser.c.obj)
                0x03809418                vexAdiValueSet
 .text.vexMotorVelocitySet
                0x03809440       0x20 c:\Users\Aaron\AppData\Roaming\Code\User\globalStorage\vexrobotics.vexcode\sdk\cpp\V5\V5_20240802_15_00_00/vexv5\libv5rt.a(v5_apiuser.c.obj)
                0x03809440                vexMotorVelocitySet
 .text.vexMotorVoltageSet
                0x03809460       0x20 c:\Users\Aaron\AppData\Roaming\Code\User\globalStorage\vexrobotics.vexcode\sdk\cpp\V5\V5_20240802_15_00_00/vexv5\libv5rt.a(v5_apiuser.c.obj)
                0x03809460                vexMotorVoltageSet
 .text.vexMotorActualVelocityGet
                0x03809480       0x24 c:\Users\Aaron\AppData\Roaming\Code\User\globalStorage\vexrobotics.vexcode\sdk\cpp\V5\V5_20240802_15_00_00/vexv5\libv5rt.a(v5_apiuser.c.obj)
                0x03809480                vexMotorActualVelocityGet
 .text.vexMotorReverseFlagSet
                0x038094a4       0x20 c:\Users\Aaron\AppData\Roaming\Code\User\globalStorage\vexrobotics.vexcode\sdk\cpp\V5\V5_20240802_15_00_00/vexv5\libv5rt.a(v5_apiuser.c.obj)
                0x038094a4                vexMotorReverseFlagSet
 .text.vexMotorEncoderUnitsSet
                0x038094c4       0x20 c:\Users\Aaron\AppData\Roaming\Code\User\globalStorage\vexrobotics.vexcode\sdk\cpp\V5\V5_20240802_15_00_00/vexv5\libv5rt.a(v5_apiuser.c.obj)
                0x038094c4                vexMotorEncoderUnitsSet
 .text.vexMotorBrakeModeSet
                0x038094e4       0x20 c:\Users\Aaron\AppData\Roaming\Code\User\globalStorage\vexrobotics.vexcode\sdk\cpp\V5\V5_20240802_15_00_00/vexv5\libv5rt.a(v5_apiuser.c.obj)
                0x038094e4                vexMotorBrakeModeSet
 .text.vexMotorPositionSet
                0x03809504       0x28 c:\Users\Aaron\AppData\Roaming\Code\User\globalStorage\vexrobotics.vexcode\sdk\cpp\V5\V5_20240802_15_00_00/vexv5\libv5rt.a(v5_apiuser.c.obj)
                0x03809504                vexMotorPositionSet
 .text.vexMotorPositionGet
                0x0380952c       0x24 c:\Users\Aaron\AppData\Roaming\Code\User\globalStorage\vexrobotics.vexcode\sdk\cpp\V5\V5_20240802_15_00_00/vexv5\libv5rt.a(v5_apiuser.c.obj)
                0x0380952c                vexMotorPositionGet
 .text.vexMotorGearingSet
                0x03809550       0x20 c:\Users\Aaron\AppData\Roaming\Code\User\globalStorage\vexrobotics.vexcode\sdk\cpp\V5\V5_20240802_15_00_00/vexv5\libv5rt.a(v5_apiuser.c.obj)
                0x03809550                vexMotorGearingSet
 .text.vexMotorGearingGet
                0x03809570       0x18 c:\Users\Aaron\AppData\Roaming\Code\User\globalStorage\vexrobotics.vexcode\sdk\cpp\V5\V5_20240802_15_00_00/vexv5\libv5rt.a(v5_apiuser.c.obj)
                0x03809570                vexMotorGearingGet
 .text.vexImuReset
                0x03809588       0x10 c:\Users\Aaron\AppData\Roaming\Code\User\globalStorage\vexrobotics.vexcode\sdk\cpp\V5\V5_20240802_15_00_00/vexv5\libv5rt.a(v5_apiuser.c.obj)
                0x03809588                vexImuReset
 .text.vexImuHeadingGet
                0x03809598       0x10 c:\Users\Aaron\AppData\Roaming\Code\User\globalStorage\vexrobotics.vexcode\sdk\cpp\V5\V5_20240802_15_00_00/vexv5\libv5rt.a(v5_apiuser.c.obj)
                0x03809598                vexImuHeadingGet
 .text.vexImuDegreesGet
                0x038095a8       0x10 c:\Users\Aaron\AppData\Roaming\Code\User\globalStorage\vexrobotics.vexcode\sdk\cpp\V5\V5_20240802_15_00_00/vexv5\libv5rt.a(v5_apiuser.c.obj)
                0x038095a8                vexImuDegreesGet
 .text.vexImuStatusGet
                0x038095b8       0x10 c:\Users\Aaron\AppData\Roaming\Code\User\globalStorage\vexrobotics.vexcode\sdk\cpp\V5\V5_20240802_15_00_00/vexv5\libv5rt.a(v5_apiuser.c.obj)
                0x038095b8                vexImuStatusGet
 .text.vexAbsEncPositionSet
                0x038095c8       0x18 c:\Users\Aaron\AppData\Roaming\Code\User\globalStorage\vexrobotics.vexcode\sdk\cpp\V5\V5_20240802_15_00_00/vexv5\libv5rt.a(v5_apiuser.c.obj)
                0x038095c8                vexAbsEncPositionSet
 .text.vexAbsEncPositionGet
                0x038095e0       0x10 c:\Users\Aaron\AppData\Roaming\Code\User\globalStorage\vexrobotics.vexcode\sdk\cpp\V5\V5_20240802_15_00_00/vexv5\libv5rt.a(v5_apiuser.c.obj)
                0x038095e0                vexAbsEncPositionGet
 .text.vexAbsEncAngleGet
                0x038095f0       0x10 c:\Users\Aaron\AppData\Roaming\Code\User\globalStorage\vexrobotics.vexcode\sdk\cpp\V5\V5_20240802_15_00_00/vexv5\libv5rt.a(v5_apiuser.c.obj)
                0x038095f0                vexAbsEncAngleGet
 .text.vexAbsEncReverseFlagSet
                0x03809600       0x18 c:\Users\Aaron\AppData\Roaming\Code\User\globalStorage\vexrobotics.vexcode\sdk\cpp\V5\V5_20240802_15_00_00/vexv5\libv5rt.a(v5_apiuser.c.obj)
                0x03809600                vexAbsEncReverseFlagSet
 .text.vexOpticalHueGet
                0x03809618       0x10 c:\Users\Aaron\AppData\Roaming\Code\User\globalStorage\vexrobotics.vexcode\sdk\cpp\V5\V5_20240802_15_00_00/vexv5\libv5rt.a(v5_apiuser.c.obj)
                0x03809618                vexOpticalHueGet
 .text.vexOpticalProximityGet
                0x03809628       0x10 c:\Users\Aaron\AppData\Roaming\Code\User\globalStorage\vexrobotics.vexcode\sdk\cpp\V5\V5_20240802_15_00_00/vexv5\libv5rt.a(v5_apiuser.c.obj)
                0x03809628                vexOpticalProximityGet
 .text.vexOpticalLedPwmSet
                0x03809638       0x18 c:\Users\Aaron\AppData\Roaming\Code\User\globalStorage\vexrobotics.vexcode\sdk\cpp\V5\V5_20240802_15_00_00/vexv5\libv5rt.a(v5_apiuser.c.obj)
                0x03809638                vexOpticalLedPwmSet
 .text.vexOpticalGestureEnable
                0x03809650       0x10 c:\Users\Aaron\AppData\Roaming\Code\User\globalStorage\vexrobotics.vexcode\sdk\cpp\V5\V5_20240802_15_00_00/vexv5\libv5rt.a(v5_apiuser.c.obj)
                0x03809650                vexOpticalGestureEnable
 .text.vexOpticalGestureDisable
                0x03809660       0x10 c:\Users\Aaron\AppData\Roaming\Code\User\globalStorage\vexrobotics.vexcode\sdk\cpp\V5\V5_20240802_15_00_00/vexv5\libv5rt.a(v5_apiuser.c.obj)
                0x03809660                vexOpticalGestureDisable
 .text.vexOpticalProximityThreshold
                0x03809670       0x18 c:\Users\Aaron\AppData\Roaming\Code\User\globalStorage\vexrobotics.vexcode\sdk\cpp\V5\V5_20240802_15_00_00/vexv5\libv5rt.a(v5_apiuser.c.obj)
                0x03809670                vexOpticalProximityThreshold
 .text.vexOpticalIntegrationTimeSet
                0x03809688       0x20 c:\Users\Aaron\AppData\Roaming\Code\User\globalStorage\vexrobotics.vexcode\sdk\cpp\V5\V5_20240802_15_00_00/vexv5\libv5rt.a(v5_apiuser.c.obj)
                0x03809688                vexOpticalIntegrationTimeSet
 .text.vexDistanceDistanceGet
                0x038096a8       0x10 c:\Users\Aaron\AppData\Roaming\Code\User\globalStorage\vexrobotics.vexcode\sdk\cpp\V5\V5_20240802_15_00_00/vexv5\libv5rt.a(v5_apiuser.c.obj)
                0x038096a8                vexDistanceDistanceGet
 .text.vexEventMaskSet
                0x038096b8       0x28 c:\Users\Aaron\AppData\Roaming\Code\User\globalStorage\vexrobotics.vexcode\sdk\cpp\V5\V5_20240802_15_00_00/vexv5\libv5rt.a(v5_apiuser.c.obj)
                0x038096b8                vexEventMaskSet
 .text.vexEventMaskGet
                0x038096e0       0x18 c:\Users\Aaron\AppData\Roaming\Code\User\globalStorage\vexrobotics.vexcode\sdk\cpp\V5\V5_20240802_15_00_00/vexv5\libv5rt.a(v5_apiuser.c.obj)
                0x038096e0                vexEventMaskGet
 .text.vexSystemVersion
                0x038096f8       0x10 c:\Users\Aaron\AppData\Roaming\Code\User\globalStorage\vexrobotics.vexcode\sdk\cpp\V5\V5_20240802_15_00_00/vexv5\libv5rt.a(v5_apiversions.c.obj)
                0x038096f8                vexSystemVersion
 .text.vexStdlibVersion
                0x03809708       0x10 c:\Users\Aaron\AppData\Roaming\Code\User\globalStorage\vexrobotics.vexcode\sdk\cpp\V5\V5_20240802_15_00_00/vexv5\libv5rt.a(v5_apiversions.c.obj)
                0x03809708                vexStdlibVersion
 .text._ZN3vex5motorD2Ev
                0x03809718       0x20 c:\Users\Aaron\AppData\Roaming\Code\User\globalStorage\vexrobotics.vexcode\sdk\cpp\V5\V5_20240802_15_00_00/vexv5\libv5rt.a(vex_motor.cpp.obj)
                0x03809718                vex::motor::~motor()
                0x03809718                vex::motor::~motor()
 .text._ZN3vex5motorD0Ev
                0x03809738       0x1c c:\Users\Aaron\AppData\Roaming\Code\User\globalStorage\vexrobotics.vexcode\sdk\cpp\V5\V5_20240802_15_00_00/vexv5\libv5rt.a(vex_motor.cpp.obj)
                0x03809738                vex::motor::~motor()
 .text._ZN3vex5motor9installedEv
                0x03809754       0x18 c:\Users\Aaron\AppData\Roaming\Code\User\globalStorage\vexrobotics.vexcode\sdk\cpp\V5\V5_20240802_15_00_00/vexv5\libv5rt.a(vex_motor.cpp.obj)
                0x03809754                vex::motor::installed()
 .text._ZN3vex5motor15defaultStoppingENS_9brakeTypeE
                0x0380976c       0x30 c:\Users\Aaron\AppData\Roaming\Code\User\globalStorage\vexrobotics.vexcode\sdk\cpp\V5\V5_20240802_15_00_00/vexv5\libv5rt.a(vex_motor.cpp.obj)
                0x0380976c                vex::motor::defaultStopping(vex::brakeType)
 .text._ZN3vex5motorC2El
                0x0380979c       0x78 c:\Users\Aaron\AppData\Roaming\Code\User\globalStorage\vexrobotics.vexcode\sdk\cpp\V5\V5_20240802_15_00_00/vexv5\libv5rt.a(vex_motor.cpp.obj)
                0x0380979c                vex::motor::motor(long)
                0x0380979c                vex::motor::motor(long)
 .text._ZN3vex5motorC2ElNS_11gearSettingEb
                0x03809814       0x34 c:\Users\Aaron\AppData\Roaming\Code\User\globalStorage\vexrobotics.vexcode\sdk\cpp\V5\V5_20240802_15_00_00/vexv5\libv5rt.a(vex_motor.cpp.obj)
                0x03809814                vex::motor::motor(long, vex::gearSetting, bool)
                0x03809814                vex::motor::motor(long, vex::gearSetting, bool)
 .text._ZN3vex5motor4spinENS_13directionTypeEdNS_12voltageUnitsE
                0x03809848       0x50 c:\Users\Aaron\AppData\Roaming\Code\User\globalStorage\vexrobotics.vexcode\sdk\cpp\V5\V5_20240802_15_00_00/vexv5\libv5rt.a(vex_motor.cpp.obj)
                0x03809848                vex::motor::spin(vex::directionType, double, vex::voltageUnits)
 .text._ZN3vex5motor4stopENS_9brakeTypeE
                0x03809898       0x30 c:\Users\Aaron\AppData\Roaming\Code\User\globalStorage\vexrobotics.vexcode\sdk\cpp\V5\V5_20240802_15_00_00/vexv5\libv5rt.a(vex_motor.cpp.obj)
                0x03809898                vex::motor::stop(vex::brakeType)
 .text._ZN3vex5motor16velocityToScaledEdNS_13velocityUnitsE
                0x038098c8       0x5c c:\Users\Aaron\AppData\Roaming\Code\User\globalStorage\vexrobotics.vexcode\sdk\cpp\V5\V5_20240802_15_00_00/vexv5\libv5rt.a(vex_motor.cpp.obj)
                0x038098c8                vex::motor::velocityToScaled(double, vex::velocityUnits)
 .text._ZN3vex5motor8velocityENS_13velocityUnitsE
                0x03809924       0x30 c:\Users\Aaron\AppData\Roaming\Code\User\globalStorage\vexrobotics.vexcode\sdk\cpp\V5\V5_20240802_15_00_00/vexv5\libv5rt.a(vex_motor.cpp.obj)
                0x03809924                vex::motor::velocity(vex::velocityUnits)
 .text._ZN3vex5motor5valueEv
                0x03809954       0x1c c:\Users\Aaron\AppData\Roaming\Code\User\globalStorage\vexrobotics.vexcode\sdk\cpp\V5\V5_20240802_15_00_00/vexv5\libv5rt.a(vex_motor.cpp.obj)
                0x03809954                vex::motor::value()
 .text._ZN3vex5motor16setRotationUnitsENS_13rotationUnitsE
                0x03809970       0x1c c:\Users\Aaron\AppData\Roaming\Code\User\globalStorage\vexrobotics.vexcode\sdk\cpp\V5\V5_20240802_15_00_00/vexv5\libv5rt.a(vex_motor.cpp.obj)
                0x03809970                vex::motor::setRotationUnits(vex::rotationUnits)
 .text._ZN3vex5motor11setPositionEdNS_13rotationUnitsE
                0x0380998c       0x44 c:\Users\Aaron\AppData\Roaming\Code\User\globalStorage\vexrobotics.vexcode\sdk\cpp\V5\V5_20240802_15_00_00/vexv5\libv5rt.a(vex_motor.cpp.obj)
                0x0380998c                vex::motor::setPosition(double, vex::rotationUnits)
 .text._ZN3vex5motor13resetPositionEv
                0x038099d0       0x20 c:\Users\Aaron\AppData\Roaming\Code\User\globalStorage\vexrobotics.vexcode\sdk\cpp\V5\V5_20240802_15_00_00/vexv5\libv5rt.a(vex_motor.cpp.obj)
                0x038099d0                vex::motor::resetPosition()
 .text._ZN3vex5motor8positionENS_13rotationUnitsE
                0x038099f0       0x44 c:\Users\Aaron\AppData\Roaming\Code\User\globalStorage\vexrobotics.vexcode\sdk\cpp\V5\V5_20240802_15_00_00/vexv5\libv5rt.a(vex_motor.cpp.obj)
                0x038099f0                vex::motor::position(vex::rotationUnits)
 .text._ZN3vex8inertial11getTurnTypeEv
                0x03809a34        0x8 c:\Users\Aaron\AppData\Roaming\Code\User\globalStorage\vexrobotics.vexcode\sdk\cpp\V5\V5_20240802_15_00_00/vexv5\libv5rt.a(vex_imu.cpp.obj)
                0x03809a34                vex::inertial::getTurnType()
 .text._ZThn16_N3vex8inertial11getTurnTypeEv
                0x03809a3c        0x8 c:\Users\Aaron\AppData\Roaming\Code\User\globalStorage\vexrobotics.vexcode\sdk\cpp\V5\V5_20240802_15_00_00/vexv5\libv5rt.a(vex_imu.cpp.obj)
                0x03809a3c                non-virtual thunk to vex::inertial::getTurnType()
 *fill*         0x03809a44        0x4 
 .text._ZN3vex8inertial10setHeadingEdNS_13rotationUnitsE
                0x03809a48       0x58 c:\Users\Aaron\AppData\Roaming\Code\User\globalStorage\vexrobotics.vexcode\sdk\cpp\V5\V5_20240802_15_00_00/vexv5\libv5rt.a(vex_imu.cpp.obj)
                0x03809a48                vex::inertial::setHeading(double, vex::rotationUnits)
 .text._ZThn16_N3vex8inertial10setHeadingEdNS_13rotationUnitsE
                0x03809aa0        0x8 c:\Users\Aaron\AppData\Roaming\Code\User\globalStorage\vexrobotics.vexcode\sdk\cpp\V5\V5_20240802_15_00_00/vexv5\libv5rt.a(vex_imu.cpp.obj)
                0x03809aa0                non-virtual thunk to vex::inertial::setHeading(double, vex::rotationUnits)
 .text._ZN3vex8inertial11setRotationEdNS_13rotationUnitsE
                0x03809aa8       0x58 c:\Users\Aaron\AppData\Roaming\Code\User\globalStorage\vexrobotics.vexcode\sdk\cpp\V5\V5_20240802_15_00_00/vexv5\libv5rt.a(vex_imu.cpp.obj)
                0x03809aa8                vex::inertial::setRotation(double, vex::rotationUnits)
 .text._ZThn16_N3vex8inertial11setRotationEdNS_13rotationUnitsE
                0x03809b00        0x8 c:\Users\Aaron\AppData\Roaming\Code\User\globalStorage\vexrobotics.vexcode\sdk\cpp\V5\V5_20240802_15_00_00/vexv5\libv5rt.a(vex_imu.cpp.obj)
                0x03809b00                non-virtual thunk to vex::inertial::setRotation(double, vex::rotationUnits)
 .text._ZN3vex8inertialD2Ev
                0x03809b08       0x20 c:\Users\Aaron\AppData\Roaming\Code\User\globalStorage\vexrobotics.vexcode\sdk\cpp\V5\V5_20240802_15_00_00/vexv5\libv5rt.a(vex_imu.cpp.obj)
                0x03809b08                vex::inertial::~inertial()
                0x03809b08                vex::inertial::~inertial()
 .text._ZThn16_N3vex8inertialD1Ev
                0x03809b28        0x8 c:\Users\Aaron\AppData\Roaming\Code\User\globalStorage\vexrobotics.vexcode\sdk\cpp\V5\V5_20240802_15_00_00/vexv5\libv5rt.a(vex_imu.cpp.obj)
                0x03809b28                non-virtual thunk to vex::inertial::~inertial()
 .text._ZN3vex8inertialD0Ev
                0x03809b30       0x1c c:\Users\Aaron\AppData\Roaming\Code\User\globalStorage\vexrobotics.vexcode\sdk\cpp\V5\V5_20240802_15_00_00/vexv5\libv5rt.a(vex_imu.cpp.obj)
                0x03809b30                vex::inertial::~inertial()
 .text._ZThn16_N3vex8inertialD0Ev
                0x03809b4c        0x8 c:\Users\Aaron\AppData\Roaming\Code\User\globalStorage\vexrobotics.vexcode\sdk\cpp\V5\V5_20240802_15_00_00/vexv5\libv5rt.a(vex_imu.cpp.obj)
                0x03809b4c                non-virtual thunk to vex::inertial::~inertial()
 .text._ZN3vex8inertial9installedEv
                0x03809b54       0x18 c:\Users\Aaron\AppData\Roaming\Code\User\globalStorage\vexrobotics.vexcode\sdk\cpp\V5\V5_20240802_15_00_00/vexv5\libv5rt.a(vex_imu.cpp.obj)
                0x03809b54                vex::inertial::installed()
 .text._ZN3vex8inertial5angleENS_13rotationUnitsE
                0x03809b6c       0x6c c:\Users\Aaron\AppData\Roaming\Code\User\globalStorage\vexrobotics.vexcode\sdk\cpp\V5\V5_20240802_15_00_00/vexv5\libv5rt.a(vex_imu.cpp.obj)
                0x03809b6c                vex::inertial::angle(vex::rotationUnits)
 .text._ZThn16_N3vex8inertial5angleENS_13rotationUnitsE
                0x03809bd8        0x8 c:\Users\Aaron\AppData\Roaming\Code\User\globalStorage\vexrobotics.vexcode\sdk\cpp\V5\V5_20240802_15_00_00/vexv5\libv5rt.a(vex_imu.cpp.obj)
                0x03809bd8                non-virtual thunk to vex::inertial::angle(vex::rotationUnits)
 .text._ZN3vex8inertial7headingENS_13rotationUnitsE
                0x03809be0        0x4 c:\Users\Aaron\AppData\Roaming\Code\User\globalStorage\vexrobotics.vexcode\sdk\cpp\V5\V5_20240802_15_00_00/vexv5\libv5rt.a(vex_imu.cpp.obj)
                0x03809be0                vex::inertial::heading(vex::rotationUnits)
 .text._ZThn16_N3vex8inertial7headingENS_13rotationUnitsE
                0x03809be4        0x8 c:\Users\Aaron\AppData\Roaming\Code\User\globalStorage\vexrobotics.vexcode\sdk\cpp\V5\V5_20240802_15_00_00/vexv5\libv5rt.a(vex_imu.cpp.obj)
                0x03809be4                non-virtual thunk to vex::inertial::heading(vex::rotationUnits)
 .text._ZN3vex8inertial5valueEv
                0x03809bec       0x1c c:\Users\Aaron\AppData\Roaming\Code\User\globalStorage\vexrobotics.vexcode\sdk\cpp\V5\V5_20240802_15_00_00/vexv5\libv5rt.a(vex_imu.cpp.obj)
                0x03809bec                vex::inertial::value()
 .text._ZN3vex8inertial8rotationENS_13rotationUnitsE
                0x03809c08       0x48 c:\Users\Aaron\AppData\Roaming\Code\User\globalStorage\vexrobotics.vexcode\sdk\cpp\V5\V5_20240802_15_00_00/vexv5\libv5rt.a(vex_imu.cpp.obj)
                0x03809c08                vex::inertial::rotation(vex::rotationUnits)
 .text._ZThn16_N3vex8inertial8rotationENS_13rotationUnitsE
                0x03809c50        0x8 c:\Users\Aaron\AppData\Roaming\Code\User\globalStorage\vexrobotics.vexcode\sdk\cpp\V5\V5_20240802_15_00_00/vexv5\libv5rt.a(vex_imu.cpp.obj)
                0x03809c50                non-virtual thunk to vex::inertial::rotation(vex::rotationUnits)
 .text._ZN3vex8inertial13isCalibratingEv
                0x03809c58       0x38 c:\Users\Aaron\AppData\Roaming\Code\User\globalStorage\vexrobotics.vexcode\sdk\cpp\V5\V5_20240802_15_00_00/vexv5\libv5rt.a(vex_imu.cpp.obj)
                0x03809c58                vex::inertial::isCalibrating()
 .text._ZThn16_N3vex8inertial13isCalibratingEv
                0x03809c90        0x8 c:\Users\Aaron\AppData\Roaming\Code\User\globalStorage\vexrobotics.vexcode\sdk\cpp\V5\V5_20240802_15_00_00/vexv5\libv5rt.a(vex_imu.cpp.obj)
                0x03809c90                non-virtual thunk to vex::inertial::isCalibrating()
 .text._ZN3vex8inertialC2ElNS_8turnTypeE
                0x03809c98       0x4c c:\Users\Aaron\AppData\Roaming\Code\User\globalStorage\vexrobotics.vexcode\sdk\cpp\V5\V5_20240802_15_00_00/vexv5\libv5rt.a(vex_imu.cpp.obj)
                0x03809c98                vex::inertial::inertial(long, vex::turnType)
                0x03809c98                vex::inertial::inertial(long, vex::turnType)
 .text._ZN3vex8inertial13resetRotationEv
                0x03809ce4       0x20 c:\Users\Aaron\AppData\Roaming\Code\User\globalStorage\vexrobotics.vexcode\sdk\cpp\V5\V5_20240802_15_00_00/vexv5\libv5rt.a(vex_imu.cpp.obj)
                0x03809ce4                vex::inertial::resetRotation()
 .text._ZN3vex8inertial16startCalibrationEl
                0x03809d04       0x20 c:\Users\Aaron\AppData\Roaming\Code\User\globalStorage\vexrobotics.vexcode\sdk\cpp\V5\V5_20240802_15_00_00/vexv5\libv5rt.a(vex_imu.cpp.obj)
                0x03809d04                vex::inertial::startCalibration(long)
 .text._ZN3vex8inertial9calibrateEl
                0x03809d24        0xc c:\Users\Aaron\AppData\Roaming\Code\User\globalStorage\vexrobotics.vexcode\sdk\cpp\V5\V5_20240802_15_00_00/vexv5\libv5rt.a(vex_imu.cpp.obj)
                0x03809d24                vex::inertial::calibrate(long)
                0x03809d28                non-virtual thunk to vex::inertial::calibrate(long)
 .text._ZN3vex8rotationD2Ev
                0x03809d30       0x20 c:\Users\Aaron\AppData\Roaming\Code\User\globalStorage\vexrobotics.vexcode\sdk\cpp\V5\V5_20240802_15_00_00/vexv5\libv5rt.a(vex_rotation.cpp.obj)
                0x03809d30                vex::rotation::~rotation()
                0x03809d30                vex::rotation::~rotation()
 .text._ZN3vex8rotationD0Ev
                0x03809d50       0x1c c:\Users\Aaron\AppData\Roaming\Code\User\globalStorage\vexrobotics.vexcode\sdk\cpp\V5\V5_20240802_15_00_00/vexv5\libv5rt.a(vex_rotation.cpp.obj)
                0x03809d50                vex::rotation::~rotation()
 .text._ZN3vex8rotation9installedEv
                0x03809d6c       0x18 c:\Users\Aaron\AppData\Roaming\Code\User\globalStorage\vexrobotics.vexcode\sdk\cpp\V5\V5_20240802_15_00_00/vexv5\libv5rt.a(vex_rotation.cpp.obj)
                0x03809d6c                vex::rotation::installed()
 .text._ZN3vex8rotation5valueEv
                0x03809d84        0x8 c:\Users\Aaron\AppData\Roaming\Code\User\globalStorage\vexrobotics.vexcode\sdk\cpp\V5\V5_20240802_15_00_00/vexv5\libv5rt.a(vex_rotation.cpp.obj)
                0x03809d84                vex::rotation::value()
 .text._ZN3vex8rotationC2Elb
                0x03809d8c       0x30 c:\Users\Aaron\AppData\Roaming\Code\User\globalStorage\vexrobotics.vexcode\sdk\cpp\V5\V5_20240802_15_00_00/vexv5\libv5rt.a(vex_rotation.cpp.obj)
                0x03809d8c                vex::rotation::rotation(long, bool)
                0x03809d8c                vex::rotation::rotation(long, bool)
 .text._ZN3vex8rotation13resetPositionEv
                0x03809dbc        0xc c:\Users\Aaron\AppData\Roaming\Code\User\globalStorage\vexrobotics.vexcode\sdk\cpp\V5\V5_20240802_15_00_00/vexv5\libv5rt.a(vex_rotation.cpp.obj)
                0x03809dbc                vex::rotation::resetPosition()
 .text._ZN3vex8rotation8positionENS_13rotationUnitsE
                0x03809dc8       0x50 c:\Users\Aaron\AppData\Roaming\Code\User\globalStorage\vexrobotics.vexcode\sdk\cpp\V5\V5_20240802_15_00_00/vexv5\libv5rt.a(vex_rotation.cpp.obj)
                0x03809dc8                vex::rotation::position(vex::rotationUnits)
 .text._ZN3vex7opticalD2Ev
                0x03809e18       0x20 c:\Users\Aaron\AppData\Roaming\Code\User\globalStorage\vexrobotics.vexcode\sdk\cpp\V5\V5_20240802_15_00_00/vexv5\libv5rt.a(vex_optical.cpp.obj)
                0x03809e18                vex::optical::~optical()
                0x03809e18                vex::optical::~optical()
 .text._ZN3vex7opticalD0Ev
                0x03809e38       0x1c c:\Users\Aaron\AppData\Roaming\Code\User\globalStorage\vexrobotics.vexcode\sdk\cpp\V5\V5_20240802_15_00_00/vexv5\libv5rt.a(vex_optical.cpp.obj)
                0x03809e38                vex::optical::~optical()
 .text._ZN3vex7optical9installedEv
                0x03809e54       0x18 c:\Users\Aaron\AppData\Roaming\Code\User\globalStorage\vexrobotics.vexcode\sdk\cpp\V5\V5_20240802_15_00_00/vexv5\libv5rt.a(vex_optical.cpp.obj)
                0x03809e54                vex::optical::installed()
 .text._ZN3vex7optical3hueEv
                0x03809e6c        0x8 c:\Users\Aaron\AppData\Roaming\Code\User\globalStorage\vexrobotics.vexcode\sdk\cpp\V5\V5_20240802_15_00_00/vexv5\libv5rt.a(vex_optical.cpp.obj)
                0x03809e6c                vex::optical::hue()
 .text._ZN3vex7optical5valueEv
                0x03809e74       0x18 c:\Users\Aaron\AppData\Roaming\Code\User\globalStorage\vexrobotics.vexcode\sdk\cpp\V5\V5_20240802_15_00_00/vexv5\libv5rt.a(vex_optical.cpp.obj)
                0x03809e74                vex::optical::value()
 .text._ZN3vex7optical12isNearObjectEv
                0x03809e8c       0x24 c:\Users\Aaron\AppData\Roaming\Code\User\globalStorage\vexrobotics.vexcode\sdk\cpp\V5\V5_20240802_15_00_00/vexv5\libv5rt.a(vex_optical.cpp.obj)
                0x03809e8c                vex::optical::isNearObject()
 .text._ZN3vex7optical13setLightPowerElNS_12percentUnitsE
                0x03809eb0       0x2c c:\Users\Aaron\AppData\Roaming\Code\User\globalStorage\vexrobotics.vexcode\sdk\cpp\V5\V5_20240802_15_00_00/vexv5\libv5rt.a(vex_optical.cpp.obj)
                0x03809eb0                vex::optical::setLightPower(long, vex::percentUnits)
 .text._ZN3vex7optical13gestureEnableEv
                0x03809edc        0x8 c:\Users\Aaron\AppData\Roaming\Code\User\globalStorage\vexrobotics.vexcode\sdk\cpp\V5\V5_20240802_15_00_00/vexv5\libv5rt.a(vex_optical.cpp.obj)
                0x03809edc                vex::optical::gestureEnable()
 .text._ZN3vex7optical14gestureDisableEv
                0x03809ee4        0x8 c:\Users\Aaron\AppData\Roaming\Code\User\globalStorage\vexrobotics.vexcode\sdk\cpp\V5\V5_20240802_15_00_00/vexv5\libv5rt.a(vex_optical.cpp.obj)
                0x03809ee4                vex::optical::gestureDisable()
 .text._ZN3vex7opticalC2Elb
                0x03809eec       0x54 c:\Users\Aaron\AppData\Roaming\Code\User\globalStorage\vexrobotics.vexcode\sdk\cpp\V5\V5_20240802_15_00_00/vexv5\libv5rt.a(vex_optical.cpp.obj)
                0x03809eec                vex::optical::optical(long, bool)
                0x03809eec                vex::optical::optical(long, bool)
 .text._ZN3vex7optical15integrationTimeEd
                0x03809f40        0x8 c:\Users\Aaron\AppData\Roaming\Code\User\globalStorage\vexrobotics.vexcode\sdk\cpp\V5\V5_20240802_15_00_00/vexv5\libv5rt.a(vex_optical.cpp.obj)
                0x03809f40                vex::optical::integrationTime(double)
 .text._ZN3vex8distanceD2Ev
                0x03809f48       0x20 c:\Users\Aaron\AppData\Roaming\Code\User\globalStorage\vexrobotics.vexcode\sdk\cpp\V5\V5_20240802_15_00_00/vexv5\libv5rt.a(vex_distance.cpp.obj)
                0x03809f48                vex::distance::~distance()
                0x03809f48                vex::distance::~distance()
 .text._ZN3vex8distanceD0Ev
                0x03809f68       0x1c c:\Users\Aaron\AppData\Roaming\Code\User\globalStorage\vexrobotics.vexcode\sdk\cpp\V5\V5_20240802_15_00_00/vexv5\libv5rt.a(vex_distance.cpp.obj)
                0x03809f68                vex::distance::~distance()
 .text._ZN3vex8distance9installedEv
                0x03809f84       0x18 c:\Users\Aaron\AppData\Roaming\Code\User\globalStorage\vexrobotics.vexcode\sdk\cpp\V5\V5_20240802_15_00_00/vexv5\libv5rt.a(vex_distance.cpp.obj)
                0x03809f84                vex::distance::installed()
 .text._ZN3vex8distance5valueEv
                0x03809f9c        0x8 c:\Users\Aaron\AppData\Roaming\Code\User\globalStorage\vexrobotics.vexcode\sdk\cpp\V5\V5_20240802_15_00_00/vexv5\libv5rt.a(vex_distance.cpp.obj)
                0x03809f9c                vex::distance::value()
 .text._ZN3vex8distanceC2El
                0x03809fa4       0x20 c:\Users\Aaron\AppData\Roaming\Code\User\globalStorage\vexrobotics.vexcode\sdk\cpp\V5\V5_20240802_15_00_00/vexv5\libv5rt.a(vex_distance.cpp.obj)
                0x03809fa4                vex::distance::distance(long)
                0x03809fa4                vex::distance::distance(long)
 *fill*         0x03809fc4        0x4 
 .text._ZN3vex8distance14objectDistanceENS_13distanceUnitsE
                0x03809fc8       0x48 c:\Users\Aaron\AppData\Roaming\Code\User\globalStorage\vexrobotics.vexcode\sdk\cpp\V5\V5_20240802_15_00_00/vexv5\libv5rt.a(vex_distance.cpp.obj)
                0x03809fc8                vex::distance::objectDistance(vex::distanceUnits)
 .text._ZN3vex10controllerD2Ev
                0x0380a010        0x4 c:\Users\Aaron\AppData\Roaming\Code\User\globalStorage\vexrobotics.vexcode\sdk\cpp\V5\V5_20240802_15_00_00/vexv5\libv5rt.a(vex_controller.cpp.obj)
                0x0380a010                vex::controller::~controller()
                0x0380a010                vex::controller::~controller()
 .text._ZN3vex10controller5valueE19_V5_ControllerIndex
                0x0380a014        0x8 c:\Users\Aaron\AppData\Roaming\Code\User\globalStorage\vexrobotics.vexcode\sdk\cpp\V5\V5_20240802_15_00_00/vexv5\libv5rt.a(vex_controller.cpp.obj)
                0x0380a014                vex::controller::value(_V5_ControllerIndex)
 .text._ZNK3vex10controller6button8pressingEv
                0x0380a01c       0xc8 c:\Users\Aaron\AppData\Roaming\Code\User\globalStorage\vexrobotics.vexcode\sdk\cpp\V5\V5_20240802_15_00_00/vexv5\libv5rt.a(vex_controller.cpp.obj)
                0x0380a01c                vex::controller::button::pressing() const
 .text._ZNK3vex10controller6button21_buttonToPressedEventEv
                0x0380a0e4       0x20 c:\Users\Aaron\AppData\Roaming\Code\User\globalStorage\vexrobotics.vexcode\sdk\cpp\V5\V5_20240802_15_00_00/vexv5\libv5rt.a(vex_controller.cpp.obj)
                0x0380a0e4                vex::controller::button::_buttonToPressedEvent() const
 .text._ZNK3vex10controller6button22_buttonToReleasedEventEv
                0x0380a104       0x20 c:\Users\Aaron\AppData\Roaming\Code\User\globalStorage\vexrobotics.vexcode\sdk\cpp\V5\V5_20240802_15_00_00/vexv5\libv5rt.a(vex_controller.cpp.obj)
                0x0380a104                vex::controller::button::_buttonToReleasedEvent() const
 .text._ZN3vex10controller6buttonC2ENS0_11tButtonTypeEPS0_
                0x0380a124       0x48 c:\Users\Aaron\AppData\Roaming\Code\User\globalStorage\vexrobotics.vexcode\sdk\cpp\V5\V5_20240802_15_00_00/vexv5\libv5rt.a(vex_controller.cpp.obj)
                0x0380a124                vex::controller::button::button(vex::controller::tButtonType, vex::controller*)
                0x0380a124                vex::controller::button::button(vex::controller::tButtonType, vex::controller*)
 .text._ZNK3vex10controller4axis5valueEv
                0x0380a16c       0x58 c:\Users\Aaron\AppData\Roaming\Code\User\globalStorage\vexrobotics.vexcode\sdk\cpp\V5\V5_20240802_15_00_00/vexv5\libv5rt.a(vex_controller.cpp.obj)
                0x0380a16c                vex::controller::axis::value() const
 .text._ZNK3vex10controller4axis8positionENS_12percentUnitsE
                0x0380a1c4       0x1c c:\Users\Aaron\AppData\Roaming\Code\User\globalStorage\vexrobotics.vexcode\sdk\cpp\V5\V5_20240802_15_00_00/vexv5\libv5rt.a(vex_controller.cpp.obj)
                0x0380a1c4                vex::controller::axis::position(vex::percentUnits) const
 .text._ZNK3vex10controller4axis23_joystickToChangedEventEv
                0x0380a1e0       0x20 c:\Users\Aaron\AppData\Roaming\Code\User\globalStorage\vexrobotics.vexcode\sdk\cpp\V5\V5_20240802_15_00_00/vexv5\libv5rt.a(vex_controller.cpp.obj)
                0x0380a1e0                vex::controller::axis::_joystickToChangedEvent() const
 .text._ZN3vex10controller4axisC2ENS0_9tAxisTypeEPS0_
                0x0380a200       0x2c c:\Users\Aaron\AppData\Roaming\Code\User\globalStorage\vexrobotics.vexcode\sdk\cpp\V5\V5_20240802_15_00_00/vexv5\libv5rt.a(vex_controller.cpp.obj)
                0x0380a200                vex::controller::axis::axis(vex::controller::tAxisType, vex::controller*)
                0x0380a200                vex::controller::axis::axis(vex::controller::tAxisType, vex::controller*)
 .text._ZN3vex10controllerC2Ev
                0x0380a22c      0x164 c:\Users\Aaron\AppData\Roaming\Code\User\globalStorage\vexrobotics.vexcode\sdk\cpp\V5\V5_20240802_15_00_00/vexv5\libv5rt.a(vex_controller.cpp.obj)
                0x0380a22c                vex::controller::controller()
                0x0380a22c                vex::controller::controller()
 .text._ZN3vex4taskC2EPFivE
                0x0380a390       0x5c c:\Users\Aaron\AppData\Roaming\Code\User\globalStorage\vexrobotics.vexcode\sdk\cpp\V5\V5_20240802_15_00_00/vexv5\libv5rt.a(vex_task.cpp.obj)
                0x0380a390                vex::task::task(int (*)())
                0x0380a390                vex::task::task(int (*)())
 .text._ZN3vex4taskC2EPFiPvES1_
                0x0380a3ec       0x5c c:\Users\Aaron\AppData\Roaming\Code\User\globalStorage\vexrobotics.vexcode\sdk\cpp\V5\V5_20240802_15_00_00/vexv5\libv5rt.a(vex_task.cpp.obj)
                0x0380a3ec                vex::task::task(int (*)(void*), void*)
                0x0380a3ec                vex::task::task(int (*)(void*), void*)
 .text._ZN3vex4taskD2Ev
                0x0380a448        0x4 c:\Users\Aaron\AppData\Roaming\Code\User\globalStorage\vexrobotics.vexcode\sdk\cpp\V5\V5_20240802_15_00_00/vexv5\libv5rt.a(vex_task.cpp.obj)
                0x0380a448                vex::task::~task()
                0x0380a448                vex::task::~task()
 .text._ZN3vex4task4stopEv
                0x0380a44c       0x18 c:\Users\Aaron\AppData\Roaming\Code\User\globalStorage\vexrobotics.vexcode\sdk\cpp\V5\V5_20240802_15_00_00/vexv5\libv5rt.a(vex_task.cpp.obj)
                0x0380a44c                vex::task::stop()
 .text._ZN3vex6threadC2EPFivE
                0x0380a464       0x5c c:\Users\Aaron\AppData\Roaming\Code\User\globalStorage\vexrobotics.vexcode\sdk\cpp\V5\V5_20240802_15_00_00/vexv5\libv5rt.a(vex_thread.cpp.obj)
                0x0380a464                vex::thread::thread(int (*)())
                0x0380a464                vex::thread::thread(int (*)())
 .text._ZN3vex6threadC2EPFiPvES1_
                0x0380a4c0       0x5c c:\Users\Aaron\AppData\Roaming\Code\User\globalStorage\vexrobotics.vexcode\sdk\cpp\V5\V5_20240802_15_00_00/vexv5\libv5rt.a(vex_thread.cpp.obj)
                0x0380a4c0                vex::thread::thread(int (*)(void*), void*)
                0x0380a4c0                vex::thread::thread(int (*)(void*), void*)
 .text._ZN3vex6threadD2Ev
                0x0380a51c        0x4 c:\Users\Aaron\AppData\Roaming\Code\User\globalStorage\vexrobotics.vexcode\sdk\cpp\V5\V5_20240802_15_00_00/vexv5\libv5rt.a(vex_thread.cpp.obj)
                0x0380a51c                vex::thread::~thread()
                0x0380a51c                vex::thread::~thread()
 .text._ZN3vex11this_thread9sleep_forEm
                0x0380a520        0x4 c:\Users\Aaron\AppData\Roaming\Code\User\globalStorage\vexrobotics.vexcode\sdk\cpp\V5\V5_20240802_15_00_00/vexv5\libv5rt.a(vex_thread.cpp.obj)
                0x0380a520                vex::this_thread::sleep_for(unsigned long)
 .text._ZN3vex5event4initEmmPFvvE
                0x0380a524        0x4 c:\Users\Aaron\AppData\Roaming\Code\User\globalStorage\vexrobotics.vexcode\sdk\cpp\V5\V5_20240802_15_00_00/vexv5\libv5rt.a(vex_event.cpp.obj)
                0x0380a524                vex::event::init(unsigned long, unsigned long, void (*)())
 .text._ZN3vex5event9userindexEv
                0x0380a528        0x4 c:\Users\Aaron\AppData\Roaming\Code\User\globalStorage\vexrobotics.vexcode\sdk\cpp\V5\V5_20240802_15_00_00/vexv5\libv5rt.a(vex_event.cpp.obj)
                0x0380a528                vex::event::userindex()
 .text._ZZN3vex6meventC4EmmENUlvE_4_FUNEv
                0x0380a52c        0x4 c:\Users\Aaron\AppData\Roaming\Code\User\globalStorage\vexrobotics.vexcode\sdk\cpp\V5\V5_20240802_15_00_00/vexv5\libv5rt.a(vex_mevent.cpp.obj)
 .text._ZN3vex6meventC2Emm
                0x0380a530       0x70 c:\Users\Aaron\AppData\Roaming\Code\User\globalStorage\vexrobotics.vexcode\sdk\cpp\V5\V5_20240802_15_00_00/vexv5\libv5rt.a(vex_mevent.cpp.obj)
                0x0380a530                vex::mevent::mevent(unsigned long, unsigned long)
                0x0380a530                vex::mevent::mevent(unsigned long, unsigned long)
 .text._ZN3vex5brain9_getIndexEv
                0x0380a5a0       0x10 c:\Users\Aaron\AppData\Roaming\Code\User\globalStorage\vexrobotics.vexcode\sdk\cpp\V5\V5_20240802_15_00_00/vexv5\libv5rt.a(vex_brain.cpp.obj)
                0x0380a5a0                vex::brain::_getIndex()
 .text._ZN3vex5brain3lcd9setCursorEll
                0x0380a5b0       0x44 c:\Users\Aaron\AppData\Roaming\Code\User\globalStorage\vexrobotics.vexcode\sdk\cpp\V5\V5_20240802_15_00_00/vexv5\libv5rt.a(vex_brain.cpp.obj)
                0x0380a5b0                vex::brain::lcd::setCursor(long, long)
 .text._ZN3vex5brain3lcd7setFontENS_8fontTypeE
                0x0380a5f4      0x23c c:\Users\Aaron\AppData\Roaming\Code\User\globalStorage\vexrobotics.vexcode\sdk\cpp\V5\V5_20240802_15_00_00/vexv5\libv5rt.a(vex_brain.cpp.obj)
                0x0380a5f4                vex::brain::lcd::setFont(vex::fontType)
 .text._ZN3vex5brain3lcdC2Ev
                0x0380a830       0x94 c:\Users\Aaron\AppData\Roaming\Code\User\globalStorage\vexrobotics.vexcode\sdk\cpp\V5\V5_20240802_15_00_00/vexv5\libv5rt.a(vex_brain.cpp.obj)
                0x0380a830                vex::brain::lcd::lcd()
                0x0380a830                vex::brain::lcd::lcd()
 .text._ZN3vex5brainC2Ev
                0x0380a8c4       0x3c c:\Users\Aaron\AppData\Roaming\Code\User\globalStorage\vexrobotics.vexcode\sdk\cpp\V5\V5_20240802_15_00_00/vexv5\libv5rt.a(vex_brain.cpp.obj)
                0x0380a8c4                vex::brain::brain()
                0x0380a8c4                vex::brain::brain()
 .text._ZN3vex5brain3lcd7printAtEllPKcz
                0x0380a900       0x54 c:\Users\Aaron\AppData\Roaming\Code\User\globalStorage\vexrobotics.vexcode\sdk\cpp\V5\V5_20240802_15_00_00/vexv5\libv5rt.a(vex_brain.cpp.obj)
                0x0380a900                vex::brain::lcd::printAt(long, long, char const*, ...)
 .text._ZN3vex5brainD2Ev
                0x0380a954       0x20 c:\Users\Aaron\AppData\Roaming\Code\User\globalStorage\vexrobotics.vexcode\sdk\cpp\V5\V5_20240802_15_00_00/vexv5\libv5rt.a(vex_brain.cpp.obj)
                0x0380a954                vex::brain::~brain()
                0x0380a954                vex::brain::~brain()
 .text._ZN3vex7triportD2Ev
                0x0380a974       0x38 c:\Users\Aaron\AppData\Roaming\Code\User\globalStorage\vexrobotics.vexcode\sdk\cpp\V5\V5_20240802_15_00_00/vexv5\libv5rt.a(vex_triport.cpp.obj)
                0x0380a974                vex::triport::~triport()
                0x0380a974                vex::triport::~triport()
 .text._ZN3vex7triportD0Ev
                0x0380a9ac       0x1c c:\Users\Aaron\AppData\Roaming\Code\User\globalStorage\vexrobotics.vexcode\sdk\cpp\V5\V5_20240802_15_00_00/vexv5\libv5rt.a(vex_triport.cpp.obj)
                0x0380a9ac                vex::triport::~triport()
 .text._ZN3vex7triport9installedEv
                0x0380a9c8       0x18 c:\Users\Aaron\AppData\Roaming\Code\User\globalStorage\vexrobotics.vexcode\sdk\cpp\V5\V5_20240802_15_00_00/vexv5\libv5rt.a(vex_triport.cpp.obj)
                0x0380a9c8                vex::triport::installed()
 .text._ZN3vex7triport4portC2ElPS0_
                0x0380a9e0       0x74 c:\Users\Aaron\AppData\Roaming\Code\User\globalStorage\vexrobotics.vexcode\sdk\cpp\V5\V5_20240802_15_00_00/vexv5\libv5rt.a(vex_triport.cpp.obj)
                0x0380a9e0                vex::triport::port::port(long, vex::triport*)
                0x0380a9e0                vex::triport::port::port(long, vex::triport*)
 .text._ZN3vex7triportC2El
                0x0380aa54       0xf0 c:\Users\Aaron\AppData\Roaming\Code\User\globalStorage\vexrobotics.vexcode\sdk\cpp\V5\V5_20240802_15_00_00/vexv5\libv5rt.a(vex_triport.cpp.obj)
                0x0380aa54                vex::triport::triport(long)
                0x0380aa54                vex::triport::triport(long)
 .text._ZN3vex7triport4port4typeENS_11triportTypeE
                0x0380ab44       0x30 c:\Users\Aaron\AppData\Roaming\Code\User\globalStorage\vexrobotics.vexcode\sdk\cpp\V5\V5_20240802_15_00_00/vexv5\libv5rt.a(vex_triport.cpp.obj)
                0x0380ab44                vex::triport::port::type(vex::triportType)
 .text._ZN3vex7triport4port4typeEv